dependencies/imgui/imgui.h:266:15:constexpr ImVec2::ImVec2()	16	static
dependencies/imgui/imgui.h:267:15:constexpr ImVec2::ImVec2(float, float)	16	static
dependencies/imgui/imgui.h:279:15:constexpr ImVec4::ImVec4()	16	static
dependencies/imgui/imgui.h:280:15:constexpr ImVec4::ImVec4(float, float, float, float)	16	static
dependencies/imgui/imgui.h:1880:14:void* operator new(size_t, ImNewWrapper, void*)	16	static
dependencies/imgui/imgui.h:1881:14:void operator delete(void*, ImNewWrapper, void*)	16	static
dependencies/imgui/imgui.h:2493:23:ImVec2 operator*(const ImVec2&, float)	64	static
dependencies/imgui/imgui.h:2495:23:ImVec2 operator+(const ImVec2&, const ImVec2&)	64	static
dependencies/imgui/imgui.h:2496:23:ImVec2 operator-(const ImVec2&, const ImVec2&)	64	static
dependencies/imgui/imgui.h:2497:23:ImVec2 operator*(const ImVec2&, const ImVec2&)	64	static
dependencies/imgui/imgui.h:2502:23:ImVec2& operator+=(ImVec2&, const ImVec2&)	16	static
dependencies/imgui/imgui.h:2601:5:ImDrawCmd::ImDrawCmd()	48	static
dependencies/imgui/imgui.h:2647:12:ImDrawListSplitter::ImDrawListSplitter()	48	static
dependencies/imgui/imgui.h:2649:33:void ImDrawListSplitter::Clear()	16	static
dependencies/imgui/imgui.h:2624:8:ImDrawCmdHeader::ImDrawCmdHeader()	48	static
dependencies/imgui/imgui.h:2718:5:ImDrawList::ImDrawList(ImDrawListSharedData*)	48	static
dependencies/imgui/imgui.h:2768:21:void ImDrawList::PathLineTo(const ImVec2&)	48	static
dependencies/imgui/imgui.h:2770:21:void ImDrawList::PathFillConvex(ImU32)	48	static
dependencies/imgui/imgui.h:2771:21:void ImDrawList::PathStroke(ImU32, ImDrawFlags, float)	64	static
dependencies/imgui/imgui.h:2802:21:void ImDrawList::PrimWriteVtx(const ImVec2&, const ImVec2&, ImU32)	16	static
dependencies/imgui/imgui.h:2803:21:void ImDrawList::PrimWriteIdx(ImDrawIdx)	16	static
dependencies/imgui/imgui.h:2898:21:bool ImFontGlyphRangesBuilder::GetBit(size_t) const	64	static
dependencies/imgui/imgui.h:2899:21:void ImFontGlyphRangesBuilder::SetBit(size_t)	64	static
dependencies/imgui/imgui.h:2900:21:void ImFontGlyphRangesBuilder::AddChar(ImWchar)	48	static
dependencies/imgui/imgui.h:2915:5:ImFontAtlasCustomRect::ImFontAtlasCustomRect()	64	static
dependencies/imgui/imgui.h:2916:10:bool ImFontAtlasCustomRect::IsPacked() const	16	static
dependencies/imgui/imgui.h:3002:33:ImFontAtlasCustomRect* ImFontAtlas::GetCustomRectByIndex(int)	48	static
dependencies/imgui/imgui.h:3082:33:bool ImFont::IsLoaded() const	16	static
C:/mingw64/lib/gcc/x86_64-w64-mingw32/13.2.0/include/c++/cmath:89:3:constexpr float std::acos(float)	48	static
C:/mingw64/lib/gcc/x86_64-w64-mingw32/13.2.0/include/c++/cmath:177:3:constexpr float std::cos(float)	48	static
dependencies/imgui/imgui_internal.h:356:25:void ImQsort(void*, size_t, size_t, int (*)(const void*, const void*))	48	static
dependencies/imgui/imgui_internal.h:365:25:int ImUpperPowerOfTwo(int)	16	static
dependencies/imgui/imgui_internal.h:382:25:bool ImCharIsBlankA(char)	16	static
dependencies/imgui/imgui_internal.h:383:25:bool ImCharIsBlankW(unsigned int)	16	static
dependencies/imgui/imgui_internal.h:443:22:float ImPow(float, float)	48	static
dependencies/imgui/imgui_internal.h:447:22:int ImAbs(int)	16	static
dependencies/imgui/imgui_internal.h:448:22:float ImAbs(float)	16	static
dependencies/imgui/imgui_internal.h:453:22:float ImRsqrt(float)	64	static
dependencies/imgui/imgui_internal.h:469:22:ImVec2 ImMin(const ImVec2&, const ImVec2&)	64	static
dependencies/imgui/imgui_internal.h:470:22:ImVec2 ImMax(const ImVec2&, const ImVec2&)	64	static
dependencies/imgui/imgui_internal.h:471:22:ImVec2 ImClamp(const ImVec2&, const ImVec2&, ImVec2)	64	static
dependencies/imgui/imgui_internal.h:474:22:ImVec4 ImLerp(const ImVec4&, const ImVec4&, float)	64	static
dependencies/imgui/imgui_internal.h:476:22:float ImLengthSqr(const ImVec2&)	16	static
dependencies/imgui/imgui_internal.h:479:22:float ImTrunc(float)	16	static
dependencies/imgui/imgui_internal.h:481:22:float ImFloor(float)	16	static
dependencies/imgui/imgui_internal.h:484:22:float ImDot(const ImVec2&, const ImVec2&)	16	static
dependencies/imgui/imgui_internal.h:485:22:ImVec2 ImRotate(const ImVec2&, float, float)	64	static
dependencies/imgui/imgui_internal.h:487:22:ImVec2 ImMul(const ImVec2&, const ImVec2&)	64	static
dependencies/imgui/imgui_internal.h:568:17:void ImBitArraySetBit(ImU32*, int)	32	static
dependencies/imgui/imgui_internal.h:605:21:void ImBitVector::Create(int)	48	static
dependencies/imgui/imgui_internal.h:606:21:void ImBitVector::Clear()	48	static
dependencies/imgui/imgui_internal.h:607:21:bool ImBitVector::TestBit(int) const	48	static
dependencies/imgui/imgui_internal.h:608:21:void ImBitVector::SetBit(int)	48	static
dependencies/imgui/imstb_rectpack.h:233:16:void stbrp_setup_heuristic(stbrp_context*, int)	48	static
dependencies/imgui/imstb_rectpack.h:245:16:void stbrp_setup_allow_out_of_mem(stbrp_context*, int)	16	static
dependencies/imgui/imstb_rectpack.h:265:16:void stbrp_init_target(stbrp_context*, int, int, stbrp_node*, int)	64	static
dependencies/imgui/imstb_rectpack.h:291:12:int stbrp__skyline_find_min_y(stbrp_context*, stbrp_node*, int, int, int*)	80	static
dependencies/imgui/imstb_rectpack.h:347:26:stbrp__findresult stbrp__skyline_find_best_pos(stbrp_context*, int, int)	144	static
dependencies/imgui/imstb_rectpack.h:449:26:stbrp__findresult stbrp__skyline_pack_rectangle(stbrp_context*, int, int)	80	static
dependencies/imgui/imstb_rectpack.h:528:25:int rect_height_compare(const void*, const void*)	32	static
dependencies/imgui/imstb_rectpack.h:539:25:int rect_original_order(const void*, const void*)	32	static
dependencies/imgui/imstb_rectpack.h:546:15:int stbrp_pack_rects(stbrp_context*, stbrp_rect*, int)	80	static
dependencies/imgui/imstb_truetype.h:1138:20:stbtt_uint8 stbtt__buf_get8(stbtt__buf*)	16	static
dependencies/imgui/imstb_truetype.h:1145:20:stbtt_uint8 stbtt__buf_peek8(stbtt__buf*)	16	static
dependencies/imgui/imstb_truetype.h:1152:13:void stbtt__buf_seek(stbtt__buf*, int)	48	static
dependencies/imgui/imstb_truetype.h:1158:13:void stbtt__buf_skip(stbtt__buf*, int)	48	static
dependencies/imgui/imstb_truetype.h:1163:21:stbtt_uint32 stbtt__buf_get(stbtt__buf*, int)	80	static
dependencies/imgui/imstb_truetype.h:1173:19:stbtt__buf stbtt__new_buf(const void*, size_t)	48	static
dependencies/imgui/imstb_truetype.h:1186:19:stbtt__buf stbtt__buf_range(const stbtt__buf*, int, int)	48	static
dependencies/imgui/imstb_truetype.h:1195:19:stbtt__buf stbtt__cff_get_index(stbtt__buf*)	64	static
dependencies/imgui/imstb_truetype.h:1209:21:stbtt_uint32 stbtt__cff_int(stbtt__buf*)	80	static
dependencies/imgui/imstb_truetype.h:1221:13:void stbtt__cff_skip_operand(stbtt__buf*)	64	static
dependencies/imgui/imstb_truetype.h:1236:19:stbtt__buf stbtt__dict_get(stbtt__buf*, int)	64	static
dependencies/imgui/imstb_truetype.h:1251:13:void stbtt__dict_get_ints(stbtt__buf*, int, int, stbtt_uint32*)	96	static
dependencies/imgui/imstb_truetype.h:1259:12:int stbtt__cff_index_count(stbtt__buf*)	48	static
dependencies/imgui/imstb_truetype.h:1265:19:stbtt__buf stbtt__cff_index_get(stbtt__buf, int)	96	static
dependencies/imgui/imstb_truetype.h:1291:21:stbtt_uint16 ttUSHORT(stbtt_uint8*)	16	static
dependencies/imgui/imstb_truetype.h:1292:20:stbtt_int16 ttSHORT(stbtt_uint8*)	16	static
dependencies/imgui/imstb_truetype.h:1293:21:stbtt_uint32 ttULONG(stbtt_uint8*)	16	static
dependencies/imgui/imstb_truetype.h:1294:20:stbtt_int32 ttLONG(stbtt_uint8*)	16	static
dependencies/imgui/imstb_truetype.h:1299:12:int stbtt__isfont(stbtt_uint8*)	16	static
dependencies/imgui/imstb_truetype.h:1311:21:stbtt_uint32 stbtt__find_table(stbtt_uint8*, stbtt_uint32, const char*)	64	static
dependencies/imgui/imstb_truetype.h:1324:12:int stbtt_GetFontOffsetForIndex_internal(unsigned char*, int)	64	static
dependencies/imgui/imstb_truetype.h:1343:12:int stbtt_GetNumberOfFonts_internal(unsigned char*)	48	static
dependencies/imgui/imstb_truetype.h:1359:19:stbtt__buf stbtt__get_subrs(stbtt__buf, stbtt__buf)	144	static
dependencies/imgui/imstb_truetype.h:1373:12:int stbtt__get_svg(stbtt_fontinfo*)	64	static
dependencies/imgui/imstb_truetype.h:1388:12:int stbtt_InitFont_internal(stbtt_fontinfo*, unsigned char*, int)	240	static
dependencies/imgui/imstb_truetype.h:1501:15:int stbtt_FindGlyphIndex(const stbtt_fontinfo*, int)	144	static
dependencies/imgui/imstb_truetype.h:1594:15:int stbtt_GetCodepointShape(const stbtt_fontinfo*, int, stbtt_vertex**)	48	static
dependencies/imgui/imstb_truetype.h:1599:13:void stbtt_setvertex(stbtt_vertex*, stbtt_uint8, stbtt_int32, stbtt_int32, stbtt_int32, stbtt_int32)	16	static
dependencies/imgui/imstb_truetype.h:1608:12:int stbtt__GetGlyfOffset(const stbtt_fontinfo*, int)	80	static
dependencies/imgui/imstb_truetype.h:1630:15:int stbtt_GetGlyphBox(const stbtt_fontinfo*, int, int*, int*, int*, int*)	80	static
dependencies/imgui/imstb_truetype.h:1646:15:int stbtt_GetCodepointBox(const stbtt_fontinfo*, int, int*, int*, int*, int*)	64	static
dependencies/imgui/imstb_truetype.h:1651:15:int stbtt_IsGlyphEmpty(const stbtt_fontinfo*, int)	80	static
dependencies/imgui/imstb_truetype.h:1663:12:int stbtt__close_shape(stbtt_vertex*, int, int, int, stbtt_int32, stbtt_int32, stbtt_int32, stbtt_int32, stbtt_int32, stbtt_int32)	64	static
dependencies/imgui/imstb_truetype.h:1679:12:int stbtt__GetGlyphShapeTT(const stbtt_fontinfo*, int, stbtt_vertex**)	336	static
dependencies/imgui/imstb_truetype.h:1916:13:void stbtt__track_vertex(stbtt__csctx*, stbtt_int32, stbtt_int32)	16	static
dependencies/imgui/imstb_truetype.h:1925:13:void stbtt__csctx_v(stbtt__csctx*, stbtt_uint8, stbtt_int32, stbtt_int32, stbtt_int32, stbtt_int32, stbtt_int32, stbtt_int32)	64	static
dependencies/imgui/imstb_truetype.h:1941:13:void stbtt__csctx_close_shape(stbtt__csctx*)	80	static
dependencies/imgui/imstb_truetype.h:1947:13:void stbtt__csctx_rmove_to(stbtt__csctx*, float, float)	80	static
dependencies/imgui/imstb_truetype.h:1955:13:void stbtt__csctx_rline_to(stbtt__csctx*, float, float)	80	static
dependencies/imgui/imstb_truetype.h:1962:13:void stbtt__csctx_rccurve_to(stbtt__csctx*, float, float, float, float, float, float)	96	static
dependencies/imgui/imstb_truetype.h:1973:19:stbtt__buf stbtt__get_subr(stbtt__buf, int)	112	static
dependencies/imgui/imstb_truetype.h:1987:19:stbtt__buf stbtt__cid_get_glyph_subrs(const stbtt_fontinfo*, int)	144	static
dependencies/imgui/imstb_truetype.h:2015:12:int stbtt__run_charstring(const stbtt_fontinfo*, int, stbtt__csctx*)	608	static
dependencies/imgui/imstb_truetype.h:2274:12:int stbtt__GetGlyphShapeT2(const stbtt_fontinfo*, int, stbtt_vertex**)	192	static
dependencies/imgui/imstb_truetype.h:2291:12:int stbtt__GetGlyphInfoT2(const stbtt_fontinfo*, int, int*, int*, int*, int*)	128	static
dependencies/imgui/imstb_truetype.h:2302:15:int stbtt_GetGlyphShape(const stbtt_fontinfo*, int, stbtt_vertex**)	48	static
dependencies/imgui/imstb_truetype.h:2310:16:void stbtt_GetGlyphHMetrics(const stbtt_fontinfo*, int, int*, int*)	64	static
dependencies/imgui/imstb_truetype.h:2322:16:int stbtt_GetKerningTableLength(const stbtt_fontinfo*)	64	static
dependencies/imgui/imstb_truetype.h:2337:15:int stbtt_GetKerningTable(const stbtt_fontinfo*, stbtt_kerningentry*, int)	64	static
dependencies/imgui/imstb_truetype.h:2364:12:int stbtt__GetGlyphKernInfoAdvance(const stbtt_fontinfo*, int, int)	80	static
dependencies/imgui/imstb_truetype.h:2394:20:stbtt_int32 stbtt__GetCoverageIndex(stbtt_uint8*, int)	144	static
dependencies/imgui/imstb_truetype.h:2452:21:stbtt_int32 stbtt__GetGlyphClass(stbtt_uint8*, int)	112	static
dependencies/imgui/imstb_truetype.h:2501:20:stbtt_int32 stbtt__GetGlyphGPOSInfoAdvance(const stbtt_fontinfo*, int, int)	256	static
dependencies/imgui/imstb_truetype.h:2615:16:int stbtt_GetGlyphKernAdvance(const stbtt_fontinfo*, int, int)	64	static
dependencies/imgui/imstb_truetype.h:2627:16:int stbtt_GetCodepointKernAdvance(const stbtt_fontinfo*, int, int)	64	static
dependencies/imgui/imstb_truetype.h:2634:16:void stbtt_GetCodepointHMetrics(const stbtt_fontinfo*, int, int*, int*)	48	static
dependencies/imgui/imstb_truetype.h:2639:16:void stbtt_GetFontVMetrics(const stbtt_fontinfo*, int*, int*, int*)	48	static
dependencies/imgui/imstb_truetype.h:2646:16:int stbtt_GetFontVMetricsOS2(const stbtt_fontinfo*, int*, int*, int*)	64	static
dependencies/imgui/imstb_truetype.h:2657:16:void stbtt_GetFontBoundingBox(const stbtt_fontinfo*, int*, int*, int*, int*)	48	static
dependencies/imgui/imstb_truetype.h:2665:17:float stbtt_ScaleForPixelHeight(const stbtt_fontinfo*, float)	80	static
dependencies/imgui/imstb_truetype.h:2671:17:float stbtt_ScaleForMappingEmToPixels(const stbtt_fontinfo*, float)	64	static
dependencies/imgui/imstb_truetype.h:2677:16:void stbtt_FreeShape(const stbtt_fontinfo*, stbtt_vertex*)	48	static
dependencies/imgui/imstb_truetype.h:2682:24:stbtt_uint8* stbtt_FindSVGDoc(const stbtt_fontinfo*, int)	96	static
dependencies/imgui/imstb_truetype.h:2699:15:int stbtt_GetGlyphSVG(const stbtt_fontinfo*, int, const char**)	80	static
dependencies/imgui/imstb_truetype.h:2716:15:int stbtt_GetCodepointSVG(const stbtt_fontinfo*, int, const char**)	48	static
dependencies/imgui/imstb_truetype.h:2726:16:void stbtt_GetGlyphBitmapBoxSubpixel(const stbtt_fontinfo*, int, float, float, float, float, int*, int*, int*, int*)	80	static
dependencies/imgui/imstb_truetype.h:2744:16:void stbtt_GetGlyphBitmapBox(const stbtt_fontinfo*, int, float, float, int*, int*, int*, int*)	96	static
dependencies/imgui/imstb_truetype.h:2749:16:void stbtt_GetCodepointBitmapBoxSubpixel(const stbtt_fontinfo*, int, float, float, float, float, int*, int*, int*, int*)	96	static
dependencies/imgui/imstb_truetype.h:2754:16:void stbtt_GetCodepointBitmapBox(const stbtt_fontinfo*, int, float, float, int*, int*, int*, int*)	96	static
dependencies/imgui/imstb_truetype.h:2775:14:void* stbtt__hheap_alloc(stbtt__hheap*, size_t, void*)	80	static
dependencies/imgui/imstb_truetype.h:2796:13:void stbtt__hheap_free(stbtt__hheap*, void*)	16	static
dependencies/imgui/imstb_truetype.h:2802:13:void stbtt__hheap_cleanup(stbtt__hheap*, void*)	64	static
dependencies/imgui/imstb_truetype.h:2862:28:stbtt__active_edge* stbtt__new_active(stbtt__hheap*, stbtt__edge*, int, float, void*)	64	static
dependencies/imgui/imstb_truetype.h:3033:13:void stbtt__handle_clipped_edge(float*, int, stbtt__active_edge*, float, float, float, float)	48	static
dependencies/imgui/imstb_truetype.h:3070:14:float stbtt__sized_trapezoid_area(float, float, float)	48	static
dependencies/imgui/imstb_truetype.h:3077:14:float stbtt__position_trapezoid_area(float, float, float, float, float)	48	static
dependencies/imgui/imstb_truetype.h:3082:14:float stbtt__sized_triangle_area(float, float)	16	static
dependencies/imgui/imstb_truetype.h:3087:13:void stbtt__fill_active_edges_new(float*, float*, int, stbtt__active_edge*, float)	208	static
dependencies/imgui/imstb_truetype.h:3305:13:void stbtt__rasterize_sorted_edges(stbtt__bitmap*, stbtt__edge*, int, int, int, int, void*)	704	static
dependencies/imgui/imstb_truetype.h:3407:13:void stbtt__sort_edges_ins_sort(stbtt__edge*, int)	64	static
dependencies/imgui/imstb_truetype.h:3425:13:void stbtt__sort_edges_quicksort(stbtt__edge*, int)	96	static
dependencies/imgui/imstb_truetype.h:3487:13:void stbtt__sort_edges(stbtt__edge*, int)	48	static
dependencies/imgui/imstb_truetype.h:3498:13:void stbtt__rasterize(stbtt__bitmap*, stbtt__point*, int*, int, float, float, float, float, int, int, int, void*)	144	static
dependencies/imgui/imstb_truetype.h:3555:13:void stbtt__add_point(stbtt__point*, int, float, float)	16	static
dependencies/imgui/imstb_truetype.h:3563:12:int stbtt__tesselate_curve(stbtt__point*, int*, float, float, float, float, float, float, float, int)	112	static
dependencies/imgui/imstb_truetype.h:3583:13:void stbtt__tesselate_cubic(stbtt__point*, int*, float, float, float, float, float, float, float, float, float, int)	224	static
dependencies/imgui/imstb_truetype.h:3626:22:stbtt__point* stbtt_FlattenCurves(stbtt_vertex*, int, float, int**, int*, void*)	208	static
dependencies/imgui/imstb_truetype.h:3703:16:void stbtt_Rasterize(stbtt__bitmap*, float, stbtt_vertex*, int, float, float, float, float, int, int, int, void*)	144	static
dependencies/imgui/imstb_truetype.h:3716:16:void stbtt_FreeBitmap(unsigned char*, void*)	48	static
dependencies/imgui/imstb_truetype.h:3721:26:unsigned char* stbtt_GetGlyphBitmapSubpixel(const stbtt_fontinfo*, float, float, float, float, int, int*, int*, int*, int*)	176	static
dependencies/imgui/imstb_truetype.h:3761:26:unsigned char* stbtt_GetGlyphBitmap(const stbtt_fontinfo*, float, float, int, int*, int*, int*, int*)	96	static
dependencies/imgui/imstb_truetype.h:3766:16:void stbtt_MakeGlyphBitmapSubpixel(const stbtt_fontinfo*, unsigned char*, int, int, int, float, float, float, float, int)	160	static
dependencies/imgui/imstb_truetype.h:3785:16:void stbtt_MakeGlyphBitmap(const stbtt_fontinfo*, unsigned char*, int, int, int, float, float, int)	96	static
dependencies/imgui/imstb_truetype.h:3790:26:unsigned char* stbtt_GetCodepointBitmapSubpixel(const stbtt_fontinfo*, float, float, float, float, int, int*, int*, int*, int*)	96	static
dependencies/imgui/imstb_truetype.h:3795:16:void stbtt_MakeCodepointBitmapSubpixelPrefilter(const stbtt_fontinfo*, unsigned char*, int, int, int, float, float, float, float, int, int, float*, float*, int)	128	static
dependencies/imgui/imstb_truetype.h:3800:16:void stbtt_MakeCodepointBitmapSubpixel(const stbtt_fontinfo*, unsigned char*, int, int, int, float, float, float, float, int)	96	static
dependencies/imgui/imstb_truetype.h:3805:26:unsigned char* stbtt_GetCodepointBitmap(const stbtt_fontinfo*, float, float, int, int*, int*, int*, int*)	96	static
dependencies/imgui/imstb_truetype.h:3810:16:void stbtt_MakeCodepointBitmap(const stbtt_fontinfo*, unsigned char*, int, int, int, float, float, int)	96	static
dependencies/imgui/imstb_truetype.h:3821:12:int stbtt_BakeFontBitmap_internal(unsigned char*, int, float, unsigned char*, int, int, int, int, stbtt_bakedchar*)	304	static
dependencies/imgui/imstb_truetype.h:3867:16:void stbtt_GetBakedQuad(const stbtt_bakedchar*, int, int, int, float*, float*, stbtt_aligned_quad*, int)	80	static
dependencies/imgui/imstb_truetype.h:3965:15:int stbtt_PackBegin(stbtt_pack_context*, unsigned char*, int, int, int, int, void*)	96	static
dependencies/imgui/imstb_truetype.h:3997:16:void stbtt_PackEnd(stbtt_pack_context*)	48	static
dependencies/imgui/imstb_truetype.h:4003:16:void stbtt_PackSetOversampling(stbtt_pack_context*, unsigned int, unsigned int)	48	static
dependencies/imgui/imstb_truetype.h:4013:16:void stbtt_PackSetSkipMissingCodepoints(stbtt_pack_context*, int)	16	static
dependencies/imgui/imstb_truetype.h:4020:13:void stbtt__h_prefilter(unsigned char*, int, int, int, unsigned int)	80	static
dependencies/imgui/imstb_truetype.h:4082:13:void stbtt__v_prefilter(unsigned char*, int, int, int, unsigned int)	80	static
dependencies/imgui/imstb_truetype.h:4144:14:float stbtt__oversample_shift(int)	16	static
dependencies/imgui/imstb_truetype.h:4157:15:int stbtt_PackFontRangesGatherRects(stbtt_pack_context*, const stbtt_fontinfo*, stbtt_pack_range*, int, stbrp_rect*)	144	static
dependencies/imgui/imstb_truetype.h:4192:16:void stbtt_MakeGlyphBitmapSubpixelPrefilter(const stbtt_fontinfo*, unsigned char*, int, int, int, float, float, float, float, int, int, float*, float*, int)	96	static
dependencies/imgui/imstb_truetype.h:4216:15:int stbtt_PackFontRangesRenderIntoRects(stbtt_pack_context*, const stbtt_fontinfo*, stbtt_pack_range*, int, stbrp_rect*)	224	static
dependencies/imgui/imstb_truetype.h:4305:16:void stbtt_PackFontRangesPackRects(stbtt_pack_context*, stbrp_rect*, int)	48	static
dependencies/imgui/imstb_truetype.h:4310:15:int stbtt_PackFontRanges(stbtt_pack_context*, const unsigned char*, int, stbtt_pack_range*, int)	256	static
dependencies/imgui/imstb_truetype.h:4346:15:int stbtt_PackFontRange(stbtt_pack_context*, const unsigned char*, int, float, int, int, stbtt_packedchar*)	112	static
dependencies/imgui/imstb_truetype.h:4358:16:void stbtt_GetScaledFontVMetrics(const unsigned char*, int, float, float*, float*, float*)	224	static
dependencies/imgui/imstb_truetype.h:4371:16:void stbtt_GetPackedQuad(const stbtt_packedchar*, int, int, int, float*, float*, stbtt_aligned_quad*, int)	80	static
dependencies/imgui/imstb_truetype.h:4406:12:int stbtt__ray_intersect_bezier(float*, float*, float*, float*, float*, float (*)[2])	144	static
dependencies/imgui/imstb_truetype.h:4470:12:int equal(float*, float*)	16	static
dependencies/imgui/imstb_truetype.h:4475:12:int stbtt__compute_crossings_x(float, float, int, stbtt_vertex*)	208	static
dependencies/imgui/imstb_truetype.h:4543:14:float stbtt__cuberoot(float)	48	static
dependencies/imgui/imstb_truetype.h:4552:12:int stbtt__solve_cubic(float, float, float, float*)	96	static
dependencies/imgui/imstb_truetype.h:4583:27:unsigned char* stbtt_GetGlyphSDF(const stbtt_fontinfo*, float, int, int, unsigned char, float, int*, int*, int*, int*)	448	static
dependencies/imgui/imstb_truetype.h:4768:27:unsigned char* stbtt_GetCodepointSDF(const stbtt_fontinfo*, float, int, int, unsigned char, float, int*, int*, int*, int*)	128	static
dependencies/imgui/imstb_truetype.h:4773:16:void stbtt_FreeSDF(unsigned char*, void*)	48	static
dependencies/imgui/imstb_truetype.h:4784:20:stbtt_int32 stbtt__CompareUTF8toUTF16_bigendian_prefix(stbtt_uint8*, stbtt_int32, stbtt_uint8*, stbtt_int32)	32	static
dependencies/imgui/imstb_truetype.h:4823:12:int stbtt_CompareUTF8toUTF16_bigendian_internal(char*, int, char*, int)	48	static
dependencies/imgui/imstb_truetype.h:4830:23:const char* stbtt_GetFontNameString(const stbtt_fontinfo*, int*, int, int, int, int)	112	static
dependencies/imgui/imstb_truetype.h:4851:12:int stbtt__matchpair(stbtt_uint8*, stbtt_uint32, stbtt_uint8*, stbtt_int32, stbtt_int32, stbtt_int32)	96	static
dependencies/imgui/imstb_truetype.h:4898:12:int stbtt__matches(stbtt_uint8*, stbtt_uint32, stbtt_uint8*, stbtt_int32)	80	static
dependencies/imgui/imstb_truetype.h:4927:12:int stbtt_FindMatchingFont_internal(unsigned char*, char*, stbtt_int32)	64	static
dependencies/imgui/imstb_truetype.h:4943:15:int stbtt_BakeFontBitmap(const unsigned char*, int, float, unsigned char*, int, int, int, int, stbtt_bakedchar*)	96	static
dependencies/imgui/imstb_truetype.h:4950:15:int stbtt_GetFontOffsetForIndex(const unsigned char*, int)	48	static
dependencies/imgui/imstb_truetype.h:4955:15:int stbtt_GetNumberOfFonts(const unsigned char*)	48	static
dependencies/imgui/imstb_truetype.h:4960:15:int stbtt_InitFont(stbtt_fontinfo*, const unsigned char*, int)	48	static
dependencies/imgui/imstb_truetype.h:4965:15:int stbtt_FindMatchingFont(const unsigned char*, const char*, int)	48	static
dependencies/imgui/imstb_truetype.h:4970:15:int stbtt_CompareUTF8toUTF16_bigendian(const char*, int, const char*, int)	48	static
dependencies/imgui/imgui_draw.cpp:174:6:void ImGui::StyleColorsDark(ImGuiStyle*)	864	static
dependencies/imgui/imgui_draw.cpp:234:6:void ImGui::StyleColorsClassic(ImGuiStyle*)	864	static
dependencies/imgui/imgui_draw.cpp:295:6:void ImGui::StyleColorsLight(ImGuiStyle*)	864	static
dependencies/imgui/imgui_draw.cpp:359:1:ImDrawListSharedData::ImDrawListSharedData()	96	static
dependencies/imgui/imgui_draw.cpp:370:6:void ImDrawListSharedData::SetCircleTessellationMaxError(float)	80	static
dependencies/imgui/imgui_draw.cpp:386:6:void ImDrawList::_ResetForNewFrame()	128	static
dependencies/imgui/imgui_draw.cpp:411:6:void ImDrawList::_ClearFreeMemory()	48	static
dependencies/imgui/imgui_draw.cpp:426:13:ImDrawList* ImDrawList::CloneOutput() const	80	static
dependencies/imgui/imgui_draw.cpp:436:6:void ImDrawList::AddDrawCmd()	112	static
dependencies/imgui/imgui_draw.cpp:450:6:void ImDrawList::_PopUnusedDrawCmd()	64	static
dependencies/imgui/imgui_draw.cpp:461:6:void ImDrawList::AddCallback(ImDrawCallback, void*)	64	static
dependencies/imgui/imgui_draw.cpp:484:6:void ImDrawList::_TryMergeDrawCmds()	64	static
dependencies/imgui/imgui_draw.cpp:498:6:void ImDrawList::_OnChangedClipRect()	64	static
dependencies/imgui/imgui_draw.cpp:521:6:void ImDrawList::_OnChangedTextureID()	64	static
dependencies/imgui/imgui_draw.cpp:544:6:void ImDrawList::_OnChangedVtxOffset()	64	static
dependencies/imgui/imgui_draw.cpp:560:5:int ImDrawList::_CalcCircleAutoSegmentCount(float) const	64	static
dependencies/imgui/imgui_draw.cpp:571:6:void ImDrawList::PushClipRect(const ImVec2&, const ImVec2&, bool)	96	static
dependencies/imgui/imgui_draw.cpp:590:6:void ImDrawList::PushClipRectFullScreen()	64	static
dependencies/imgui/imgui_draw.cpp:595:6:void ImDrawList::PopClipRect()	48	static
dependencies/imgui/imgui_draw.cpp:602:6:void ImDrawList::PushTextureID(ImTextureID)	48	static
dependencies/imgui/imgui_draw.cpp:609:6:void ImDrawList::PopTextureID()	48	static
dependencies/imgui/imgui_draw.cpp:619:6:void ImDrawList::PrimReserve(int, int)	64	static
dependencies/imgui/imgui_draw.cpp:645:6:void ImDrawList::PrimUnreserve(int, int)	64	static
dependencies/imgui/imgui_draw.cpp:656:6:void ImDrawList::PrimRect(const ImVec2&, const ImVec2&, ImU32)	80	static
dependencies/imgui/imgui_draw.cpp:671:6:void ImDrawList::PrimRectUV(const ImVec2&, const ImVec2&, const ImVec2&, const ImVec2&, ImU32)	96	static
dependencies/imgui/imgui_draw.cpp:686:6:void ImDrawList::PrimQuadUV(const ImVec2&, const ImVec2&, const ImVec2&, const ImVec2&, const ImVec2&, const ImVec2&, const ImVec2&, const ImVec2&, ImU32)	32	static
dependencies/imgui/imgui_draw.cpp:709:6:void ImDrawList::AddPolyline(const ImVec2*, int, ImU32, ImDrawFlags, float)	464	static
dependencies/imgui/imgui_draw.cpp:967:6:void ImDrawList::AddConvexPolyFilled(const ImVec2*, int, ImU32)	192	static
dependencies/imgui/imgui_draw.cpp:1049:6:void ImDrawList::_PathArcToFastEx(const ImVec2&, float, int, int, int)	128	static
dependencies/imgui/imgui_draw.cpp:1141:6:void ImDrawList::_PathArcToN(const ImVec2&, float, float, float, int)	112	static
dependencies/imgui/imgui_draw.cpp:1160:6:void ImDrawList::PathArcToFast(const ImVec2&, float, int, int)	64	static
dependencies/imgui/imgui_draw.cpp:1170:6:void ImDrawList::PathArcTo(const ImVec2&, float, float, float, int)	176	static
dependencies/imgui/imgui_draw.cpp:1220:6:void ImDrawList::PathEllipticalArcTo(const ImVec2&, float, float, float, float, float, int)	96	static
dependencies/imgui/imgui_draw.cpp:1241:8:ImVec2 ImBezierCubicCalc(const ImVec2&, const ImVec2&, const ImVec2&, const ImVec2&, float)	80	static
dependencies/imgui/imgui_draw.cpp:1251:8:ImVec2 ImBezierQuadraticCalc(const ImVec2&, const ImVec2&, const ImVec2&, float)	80	static
dependencies/imgui/imgui_draw.cpp:1261:13:void PathBezierCubicCurveToCasteljau(ImVector<ImVec2>*, float, float, float, float, float, float, float, float, float, int)	208	static
dependencies/imgui/imgui_draw.cpp:1286:13:void PathBezierQuadraticCurveToCasteljau(ImVector<ImVec2>*, float, float, float, float, float, float, float, int)	160	static
dependencies/imgui/imgui_draw.cpp:1304:6:void ImDrawList::PathBezierCubicCurveTo(const ImVec2&, const ImVec2&, const ImVec2&, int)	208	static
dependencies/imgui/imgui_draw.cpp:1320:6:void ImDrawList::PathBezierQuadraticCurveTo(const ImVec2&, const ImVec2&, int)	160	static
dependencies/imgui/imgui_draw.cpp:1336:27:ImDrawFlags FixRectCornerFlags(ImDrawFlags)	48	static
dependencies/imgui/imgui_draw.cpp:1360:6:void ImDrawList::PathRect(const ImVec2&, const ImVec2&, float, ImDrawFlags)	128	static
dependencies/imgui/imgui_draw.cpp:1388:6:void ImDrawList::AddLine(const ImVec2&, const ImVec2&, ImU32, float)	80	static
dependencies/imgui/imgui_draw.cpp:1399:6:void ImDrawList::AddRect(const ImVec2&, const ImVec2&, ImU32, float, ImDrawFlags, float)	128	static
dependencies/imgui/imgui_draw.cpp:1410:6:void ImDrawList::AddRectFilled(const ImVec2&, const ImVec2&, ImU32, float, ImDrawFlags)	64	static
dependencies/imgui/imgui_draw.cpp:1427:6:void ImDrawList::AddRectFilledMultiColor(const ImVec2&, const ImVec2&, ImU32, ImU32, ImU32, ImU32)	80	static
dependencies/imgui/imgui_draw.cpp:1442:6:void ImDrawList::AddQuad(const ImVec2&, const ImVec2&, const ImVec2&, const ImVec2&, ImU32, float)	48	static
dependencies/imgui/imgui_draw.cpp:1454:6:void ImDrawList::AddQuadFilled(const ImVec2&, const ImVec2&, const ImVec2&, const ImVec2&, ImU32)	48	static
dependencies/imgui/imgui_draw.cpp:1466:6:void ImDrawList::AddTriangle(const ImVec2&, const ImVec2&, const ImVec2&, ImU32, float)	48	static
dependencies/imgui/imgui_draw.cpp:1477:6:void ImDrawList::AddTriangleFilled(const ImVec2&, const ImVec2&, const ImVec2&, ImU32)	48	static
dependencies/imgui/imgui_draw.cpp:1488:6:void ImDrawList::AddCircle(const ImVec2&, float, ImU32, int, float)	80	static
dependencies/imgui/imgui_draw.cpp:1512:6:void ImDrawList::AddCircleFilled(const ImVec2&, float, ImU32, int)	80	static
dependencies/imgui/imgui_draw.cpp:1537:6:void ImDrawList::AddNgon(const ImVec2&, float, ImU32, int, float)	80	static
dependencies/imgui/imgui_draw.cpp:1549:6:void ImDrawList::AddNgonFilled(const ImVec2&, float, ImU32, int)	80	static
dependencies/imgui/imgui_draw.cpp:1561:6:void ImDrawList::AddEllipse(const ImVec2&, float, float, ImU32, float, int, float)	96	static
dependencies/imgui/imgui_draw.cpp:1575:6:void ImDrawList::AddEllipseFilled(const ImVec2&, float, float, ImU32, float, int)	96	static
dependencies/imgui/imgui_draw.cpp:1590:6:void ImDrawList::AddBezierCubic(const ImVec2&, const ImVec2&, const ImVec2&, const ImVec2&, ImU32, float, int)	64	static
dependencies/imgui/imgui_draw.cpp:1601:6:void ImDrawList::AddBezierQuadratic(const ImVec2&, const ImVec2&, const ImVec2&, ImU32, float, int)	48	static
dependencies/imgui/imgui_draw.cpp:1611:6:void ImDrawList::AddText(const ImFont*, float, const ImVec2&, ImU32, const char*, const char*, float, const ImVec4*)	112	static
dependencies/imgui/imgui_draw.cpp:1640:6:void ImDrawList::AddText(const ImVec2&, ImU32, const char*, const char*)	96	static
dependencies/imgui/imgui_draw.cpp:1645:6:void ImDrawList::AddImage(ImTextureID, const ImVec2&, const ImVec2&, const ImVec2&, const ImVec2&, ImU32)	80	static
dependencies/imgui/imgui_draw.cpp:1661:6:void ImDrawList::AddImageQuad(ImTextureID, const ImVec2&, const ImVec2&, const ImVec2&, const ImVec2&, const ImVec2&, const ImVec2&, const ImVec2&, const ImVec2&, ImU32)	112	static
dependencies/imgui/imgui_draw.cpp:1677:6:void ImDrawList::AddImageRounded(ImTextureID, const ImVec2&, const ImVec2&, const ImVec2&, const ImVec2&, ImU32, float, ImDrawFlags)	96	static
dependencies/imgui/imgui_draw.cpp:1710:6:void ImDrawListSplitter::ClearFreeMemory()	64	static
dependencies/imgui/imgui.h:2632:8:ImDrawChannel::ImDrawChannel()	48	static
dependencies/imgui/imgui_draw.cpp:1724:6:void ImDrawListSplitter::Split(ImDrawList*, int)	80	static
dependencies/imgui/imgui_draw.cpp:1754:6:void ImDrawListSplitter::Merge(ImDrawList*)	144	static
dependencies/imgui/imgui_draw.cpp:1825:6:void ImDrawListSplitter::SetCurrentChannel(ImDrawList*, int)	64	static
dependencies/imgui/imgui_draw.cpp:1853:6:void ImDrawData::Clear()	64	static
dependencies/imgui/imgui_draw.cpp:1864:6:void ImGui::AddDrawListToDrawDataEx(ImDrawData*, ImVector<ImDrawList*>*, ImDrawList*)	48	static
dependencies/imgui/imgui_draw.cpp:1903:6:void ImDrawData::AddDrawList(ImDrawList*)	48	static
dependencies/imgui/imgui_draw.cpp:1911:6:void ImDrawData::DeIndexAllBuffers()	96	static
dependencies/imgui/imgui_draw.cpp:1932:6:void ImDrawData::ScaleClipRects(const ImVec2&)	144	static
dependencies/imgui/imgui_draw.cpp:1944:6:void ImGui::ShadeVertsLinearColorGradientKeepAlpha(ImDrawList*, int, int, ImVec2, ImVec2, ImU32, ImU32)	144	static
dependencies/imgui/imgui_draw.cpp:1968:6:void ImGui::ShadeVertsLinearUV(ImDrawList*, int, int, const ImVec2&, const ImVec2&, const ImVec2&, const ImVec2&, bool)	208	static
dependencies/imgui/imgui_draw.cpp:1992:6:void ImGui::ShadeVertsTransformPos(ImDrawList*, int, int, const ImVec2&, float, float, const ImVec2&)	112	static
dependencies/imgui/imgui_draw.cpp:2004:1:ImFontConfig::ImFontConfig()	48	static
dependencies/imgui/imgui_draw.cpp:2070:1:ImFontAtlas::ImFontAtlas()	48	static
dependencies/imgui/imgui_draw.cpp:2077:1:ImFontAtlas::~ImFontAtlas()	48	static
dependencies/imgui/imgui_draw.cpp:2083:9:void ImFontAtlas::ClearInputData()	112	static
dependencies/imgui/imgui_draw.cpp:2106:9:void ImFontAtlas::ClearTexData()	48	static
dependencies/imgui/imgui_draw.cpp:2119:9:void ImFontAtlas::ClearFonts()	48	static
dependencies/imgui/imgui_draw.cpp:2126:9:void ImFontAtlas::Clear()	48	static
dependencies/imgui/imgui_draw.cpp:2133:9:void ImFontAtlas::GetTexDataAsAlpha8(unsigned char**, int*, int*, int*)	48	static
dependencies/imgui/imgui_draw.cpp:2145:9:void ImFontAtlas::GetTexDataAsRGBA32(unsigned char**, int*, int*, int*)	96	static
dependencies/imgui/imgui_draw.cpp:2169:9:ImFont* ImFontAtlas::AddFont(const ImFontConfig*)	112	static
dependencies/imgui/imgui_draw.cpp:2207:21:unsigned int Decode85Byte(char)	16	static
dependencies/imgui/imgui_draw.cpp:2208:21:void Decode85(const unsigned char*, unsigned char*)	96	static
dependencies/imgui/imgui_draw.cpp:2220:9:ImFont* ImFontAtlas::AddFontDefault(const ImFontConfig*)	240	static
dependencies/imgui/imgui_draw.cpp:2241:9:ImFont* ImFontAtlas::AddFontFromFileTTF(const char*, float, const ImFontConfig*, const ImWchar*)	240	static
dependencies/imgui/imgui_draw.cpp:2263:9:ImFont* ImFontAtlas::AddFontFromMemoryTTF(void*, int, float, const ImFontConfig*, const ImWchar*)	192	static
dependencies/imgui/imgui_draw.cpp:2277:9:ImFont* ImFontAtlas::AddFontFromMemoryCompressedTTF(const void*, int, float, const ImFontConfig*, const ImWchar*)	224	static
dependencies/imgui/imgui_draw.cpp:2289:9:ImFont* ImFontAtlas::AddFontFromMemoryCompressedBase85TTF(const char*, float, const ImFontConfig*, const ImWchar*)	96	static
dependencies/imgui/imgui_draw.cpp:2299:5:int ImFontAtlas::AddCustomRectRegular(int, int)	80	static
dependencies/imgui/imgui_draw.cpp:2310:5:int ImFontAtlas::AddCustomRectFontGlyph(ImFont*, ImWchar, int, int, float, const ImVec2&)	80	static
dependencies/imgui/imgui_draw.cpp:2329:6:void ImFontAtlas::CalcCustomRectUV(const ImFontAtlasCustomRect*, ImVec2*, ImVec2*) const	64	static
dependencies/imgui/imgui_draw.cpp:2337:6:bool ImFontAtlas::GetMouseCursorTexData(ImGuiMouseCursor, ImVec2*, ImVec2*, ImVec2*, ImVec2*)	112	static
dependencies/imgui/imgui_draw.cpp:2358:9:bool ImFontAtlas::Build()	64	static
dependencies/imgui/imgui_draw.cpp:2387:9:void ImFontAtlasBuildMultiplyCalcLookupTable(unsigned char*, float)	32	static
dependencies/imgui/imgui_draw.cpp:2396:9:void ImFontAtlasBuildMultiplyRectAlpha8(const unsigned char*, unsigned char*, int, int, int, int, int)	32	static
dependencies/imgui/imgui_draw.cpp:2431:13:void UnpackBitVectorToFlatIndexList(const ImBitVector*, ImVector<int>*)	96	static
dependencies/imgui/imgui_draw.cpp:2443:13:bool ImFontAtlasBuildWithStbTruetype(ImFontAtlas*)	896	static
dependencies/imgui/imgui_draw.cpp:2706:24:const ImFontBuilderIO* ImFontAtlasGetBuilderForStbTruetype()	16	static
dependencies/imgui/imgui_draw.cpp:2715:6:void ImFontAtlasUpdateConfigDataPointers(ImFontAtlas*)	96	static
dependencies/imgui/imgui_draw.cpp:2729:6:void ImFontAtlasBuildSetupFont(ImFontAtlas*, ImFont*, ImFontConfig*, float, float)	48	static
dependencies/imgui/imgui_draw.cpp:2742:6:void ImFontAtlasBuildPackCustomRects(ImFontAtlas*, void*)	112	static
dependencies/imgui/imgui_draw.cpp:2772:6:void ImFontAtlasBuildRender8bppRectFromString(ImFontAtlas*, int, int, int, int, const char*, char, unsigned char)	80	static
dependencies/imgui/imgui_draw.cpp:2782:6:void ImFontAtlasBuildRender32bppRectFromString(ImFontAtlas*, int, int, int, int, const char*, char, unsigned int)	80	static
dependencies/imgui/imgui_draw.cpp:2792:13:void ImFontAtlasBuildRenderDefaultTexData(ImFontAtlas*)	112	static
dependencies/imgui/imgui_draw.cpp:2832:13:void ImFontAtlasBuildRenderLinesTexData(ImFontAtlas*)	208	static
dependencies/imgui/imgui_draw.cpp:2884:6:void ImFontAtlasBuildInit(ImFontAtlas*)	80	static
dependencies/imgui/imgui_draw.cpp:2912:6:void ImFontAtlasBuildFinish(ImFontAtlas*)	224	static
dependencies/imgui/imgui_draw.cpp:2942:18:const ImWchar* ImFontAtlas::GetGlyphRangesDefault()	16	static
dependencies/imgui/imgui_draw.cpp:2952:18:const ImWchar* ImFontAtlas::GetGlyphRangesGreek()	16	static
dependencies/imgui/imgui_draw.cpp:2963:17:const ImWchar* ImFontAtlas::GetGlyphRangesKorean()	16	static
dependencies/imgui/imgui_draw.cpp:2976:17:const ImWchar* ImFontAtlas::GetGlyphRangesChineseFull()	16	static
dependencies/imgui/imgui_draw.cpp:2992:13:void UnpackAccumulativeOffsetsIntoRanges(int, const short int*, int, ImWchar*)	32	static
dependencies/imgui/imgui_draw.cpp:3006:17:const ImWchar* ImFontAtlas::GetGlyphRangesChineseSimplifiedCommon()	48	static
dependencies/imgui/imgui_draw.cpp:3074:17:const ImWchar* ImFontAtlas::GetGlyphRangesJapanese()	48	static
dependencies/imgui/imgui_draw.cpp:3164:17:const ImWchar* ImFontAtlas::GetGlyphRangesCyrillic()	16	static
dependencies/imgui/imgui_draw.cpp:3177:17:const ImWchar* ImFontAtlas::GetGlyphRangesThai()	16	static
dependencies/imgui/imgui_draw.cpp:3189:17:const ImWchar* ImFontAtlas::GetGlyphRangesVietnamese()	16	static
dependencies/imgui/imgui_draw.cpp:3210:6:void ImFontGlyphRangesBuilder::AddText(const char*, const char*)	64	static
dependencies/imgui/imgui_draw.cpp:3223:6:void ImFontGlyphRangesBuilder::AddRanges(const ImWchar*)	64	static
dependencies/imgui/imgui_draw.cpp:3230:6:void ImFontGlyphRangesBuilder::BuildRanges(ImVector<short unsigned int>*)	64	static
dependencies/imgui/imgui_draw.cpp:3248:1:ImFont::ImFont()	48	static
dependencies/imgui/imgui_draw.cpp:3267:1:ImFont::~ImFont()	48	static
dependencies/imgui/imgui_draw.cpp:3272:9:void ImFont::ClearOutputData()	48	static
dependencies/imgui/imgui_draw.cpp:3286:16:ImWchar FindFirstExistingGlyph(ImFont*, const ImWchar*, int)	64	static
dependencies/imgui/imgui_draw.cpp:3294:6:void ImFont::BuildLookupTable()	144	static
dependencies/imgui/imgui_draw.cpp:3380:6:bool ImFont::IsGlyphRangeUnused(unsigned int, unsigned int)	32	static
dependencies/imgui/imgui_draw.cpp:3391:6:void ImFont::SetGlyphVisible(ImWchar, bool)	64	static
dependencies/imgui/imgui_draw.cpp:3397:6:void ImFont::GrowIndex(int)	64	static
dependencies/imgui/imgui_draw.cpp:3409:6:void ImFont::AddGlyph(const ImFontConfig*, ImWchar, float, float, float, float, float, float, float, float, float)	80	static
dependencies/imgui/imgui_draw.cpp:3453:6:void ImFont::AddRemapChar(ImWchar, ImWchar, bool)	96	static
dependencies/imgui/imgui_draw.cpp:3468:20:const ImFontGlyph* ImFont::FindGlyph(ImWchar) const	32	static
dependencies/imgui/imgui_draw.cpp:3478:20:const ImFontGlyph* ImFont::FindGlyphNoFallback(ImWchar) const	32	static
dependencies/imgui/imgui_draw.cpp:3489:27:const char* CalcWordWrapNextLineStartA(const char*, const char*)	48	static
dependencies/imgui/imgui_draw.cpp:3501:13:const char* ImFont::CalcWordWrapPositionA(float, const char*, const char*, float) const	112	static
dependencies/imgui/imgui_draw.cpp:3599:8:ImVec2 ImFont::CalcTextSizeA(float, float, float, const char*, const char*, const char**) const	128	static
dependencies/imgui/imgui_draw.cpp:3678:6:void ImFont::RenderChar(ImDrawList*, float, const ImVec2&, ImU32, ImWchar) const	160	static
dependencies/imgui/imgui_draw.cpp:3693:6:void ImFont::RenderText(ImDrawList*, float, const ImVec2&, ImU32, const ImVec4&, const char*, const char*, float, bool) const	240	static
dependencies/imgui/imgui_draw.cpp:3893:6:void ImGui::RenderArrow(ImDrawList*, ImVec2, ImU32, ImGuiDir, float)	208	static
dependencies/imgui/imgui_draw.cpp:3924:6:void ImGui::RenderBullet(ImDrawList*, ImVec2, ImU32)	64	static
dependencies/imgui/imgui_draw.cpp:3930:6:void ImGui::RenderCheckMark(ImDrawList*, ImVec2, ImU32, float)	112	static
dependencies/imgui/imgui_draw.cpp:3946:6:void ImGui::RenderArrowPointingAt(ImDrawList*, ImVec2, ImVec2, ImGuiDir, ImU32)	144	static
dependencies/imgui/imgui_draw.cpp:3958:21:float ImAcos01(float)	48	static
dependencies/imgui/imgui_draw.cpp:3967:6:void ImGui::RenderRectFilledRangeH(ImDrawList*, const ImRect&, ImU32, float, float, float)	256	static
dependencies/imgui/imgui_draw.cpp:4027:6:void ImGui::RenderRectFilledWithHole(ImDrawList*, const ImRect&, const ImRect&, ImU32, float)	224	static
dependencies/imgui/imgui_draw.cpp:4047:6:void ImGui::RenderColorRectWithAlphaCheckerboard(ImDrawList*, ImVec2, ImVec2, ImU32, float, ImVec2, float, ImDrawFlags)	144	static
dependencies/imgui/imgui_draw.cpp:4093:21:unsigned int stb_decompress_length(const unsigned char*)	16	static
dependencies/imgui/imgui_draw.cpp:4101:13:void stb__match(const unsigned char*, unsigned int)	48	static
dependencies/imgui/imgui_draw.cpp:4110:13:void stb__lit(const unsigned char*, unsigned int)	48	static
dependencies/imgui/imgui_draw.cpp:4123:29:const unsigned char* stb_decompress_token(const unsigned char*)	48	static
dependencies/imgui/imgui_draw.cpp:4140:21:unsigned int stb_adler32(unsigned int, unsigned char*, unsigned int)	48	static
dependencies/imgui/imgui_draw.cpp:4171:21:unsigned int stb_decompress(unsigned char*, const unsigned char*, unsigned int)	64	static
dependencies/imgui/imgui_draw.cpp:4303:20:const char* GetDefaultCompressedFontDataTTFBase85()	16	static
dependencies/imgui/imgui.h:1913:12:ImVector<T>::ImVector() [with T = ImDrawChannel]	16	static
dependencies/imgui/imgui.h:1913:12:ImVector<T>::ImVector() [with T = ImDrawCmd]	16	static
dependencies/imgui/imgui.h:1916:12:ImVector<T>::~ImVector() [with T = ImDrawCmd]	48	static
dependencies/imgui/imgui.h:1913:12:ImVector<T>::ImVector() [with T = short unsigned int]	16	static
dependencies/imgui/imgui.h:1916:12:ImVector<T>::~ImVector() [with T = short unsigned int]	48	static
dependencies/imgui/imgui.h:1913:12:ImVector<T>::ImVector() [with T = ImDrawVert]	16	static
dependencies/imgui/imgui.h:1916:12:ImVector<T>::~ImVector() [with T = ImDrawVert]	48	static
dependencies/imgui/imgui.h:1913:12:ImVector<T>::ImVector() [with T = ImVec4]	16	static
dependencies/imgui/imgui.h:1916:12:ImVector<T>::~ImVector() [with T = ImVec4]	48	static
dependencies/imgui/imgui.h:1913:12:ImVector<T>::ImVector() [with T = void*]	16	static
dependencies/imgui/imgui.h:1916:12:ImVector<T>::~ImVector() [with T = void*]	48	static
dependencies/imgui/imgui.h:1913:12:ImVector<T>::ImVector() [with T = ImVec2]	16	static
dependencies/imgui/imgui.h:1916:12:ImVector<T>::~ImVector() [with T = ImVec2]	48	static
dependencies/imgui/imgui.h:1948:25:void ImVector<T>::push_back(const T&) [with T = ImVec2]	48	static
dependencies/imgui/imgui.h:1916:12:ImVector<T>::~ImVector() [with T = unsigned int]	48	static
dependencies/imgui/imgui.h:1941:25:void ImVector<T>::resize(int) [with T = unsigned int]	48	static
dependencies/imgui/imgui.h:1928:25:const T& ImVector<T>::operator[](int) const [with T = unsigned int]	48	static
dependencies/imgui/imgui.h:1927:25:T& ImVector<T>::operator[](int) [with T = unsigned int]	48	static
dependencies/imgui/imgui.h:1927:25:T& ImVector<T>::operator[](int) [with T = ImFontAtlasCustomRect]	48	static
dependencies/imgui/imgui_internal.h:461:38:T ImMin(T, T) [with T = float]	16	static
dependencies/imgui/imgui_internal.h:462:38:T ImMax(T, T) [with T = float]	16	static
dependencies/imgui/imgui.h:1918:25:void ImVector<T>::clear() [with T = unsigned int]	48	static
dependencies/imgui/imgui.h:1927:25:T& ImVector<T>::operator[](int) [with T = int]	48	static
dependencies/imgui/imgui.h:1927:25:T& ImVector<T>::operator[](int) [with T = short unsigned int]	48	static
dependencies/imgui/imgui.h:1918:25:void ImVector<T>::clear() [with T = short unsigned int]	48	static
dependencies/imgui/imgui.h:1913:12:ImVector<T>::ImVector() [with T = ImFont*]	16	static
dependencies/imgui/imgui.h:1916:12:ImVector<T>::~ImVector() [with T = ImFont*]	48	static
dependencies/imgui/imgui.h:1916:12:ImVector<T>::~ImVector() [with T = int]	48	static
dependencies/imgui/imgui.h:1913:12:ImVector<T>::ImVector() [with T = float]	16	static
dependencies/imgui/imgui.h:1916:12:ImVector<T>::~ImVector() [with T = float]	48	static
dependencies/imgui/imgui.h:1927:25:T& ImVector<T>::operator[](int) [with T = ImFont*]	48	static
dependencies/imgui/imgui_internal.h:463:38:T ImClamp(T, T, T) [with T = int]	16	static
dependencies/imgui/imgui.h:1941:25:void ImVector<T>::resize(int) [with T = ImDrawCmd]	48	static
dependencies/imgui/imgui.h:1941:25:void ImVector<T>::resize(int) [with T = short unsigned int]	48	static
dependencies/imgui/imgui.h:1941:25:void ImVector<T>::resize(int) [with T = ImDrawVert]	48	static
dependencies/imgui/imgui.h:1941:25:void ImVector<T>::resize(int) [with T = ImVec4]	48	static
dependencies/imgui/imgui.h:1941:25:void ImVector<T>::resize(int) [with T = void*]	48	static
dependencies/imgui/imgui.h:1941:25:void ImVector<T>::resize(int) [with T = ImVec2]	48	static
dependencies/imgui/imgui.h:1948:25:void ImVector<T>::push_back(const T&) [with T = ImDrawCmd]	48	static
dependencies/imgui/imgui.h:1918:25:void ImVector<T>::clear() [with T = ImDrawCmd]	48	static
dependencies/imgui/imgui.h:1918:25:void ImVector<T>::clear() [with T = ImDrawVert]	48	static
dependencies/imgui/imgui.h:1918:25:void ImVector<T>::clear() [with T = ImVec4]	48	static
dependencies/imgui/imgui.h:1918:25:void ImVector<T>::clear() [with T = void*]	48	static
dependencies/imgui/imgui.h:1918:25:void ImVector<T>::clear() [with T = ImVec2]	48	static
dependencies/imgui/imgui.h:1915:25:ImVector<T>& ImVector<T>::operator=(const ImVector<T>&) [with T = ImDrawCmd]	48	static
dependencies/imgui/imgui.h:1915:25:ImVector<T>& ImVector<T>::operator=(const ImVector<T>&) [with T = short unsigned int]	48	static
dependencies/imgui/imgui.h:1915:25:ImVector<T>& ImVector<T>::operator=(const ImVector<T>&) [with T = ImDrawVert]	48	static
dependencies/imgui/imgui.h:1949:25:void ImVector<T>::pop_back() [with T = ImDrawCmd]	48	static
dependencies/imgui/imgui.h:1948:25:void ImVector<T>::push_back(const T&) [with T = ImVec4]	48	static
dependencies/imgui/imgui.h:1949:25:void ImVector<T>::pop_back() [with T = ImVec4]	48	static
dependencies/imgui/imgui.h:1948:25:void ImVector<T>::push_back(const T&) [with T = void*]	48	static
dependencies/imgui/imgui.h:1949:25:void ImVector<T>::pop_back() [with T = void*]	48	static
dependencies/imgui/imgui.h:1943:25:void ImVector<T>::shrink(int) [with T = ImDrawVert]	48	static
dependencies/imgui/imgui.h:1943:25:void ImVector<T>::shrink(int) [with T = short unsigned int]	48	static
dependencies/imgui/imgui.h:1945:25:void ImVector<T>::reserve_discard(int) [with T = ImVec2]	48	static
dependencies/imgui/imgui.h:1944:25:void ImVector<T>::reserve(int) [with T = ImVec2]	64	static
dependencies/imgui/imgui_internal.h:462:38:T ImMax(T, T) [with T = int]	16	static
dependencies/imgui/imgui.h:1936:25:T& ImVector<T>::back() [with T = ImVec2]	48	static
dependencies/imgui/imgui.h:1927:25:T& ImVector<T>::operator[](int) [with T = ImDrawChannel]	48	static
dependencies/imgui/imgui.h:1918:25:void ImVector<T>::clear() [with T = ImDrawChannel]	48	static
dependencies/imgui/imgui.h:1944:25:void ImVector<T>::reserve(int) [with T = ImDrawChannel]	64	static
dependencies/imgui/imgui.h:1941:25:void ImVector<T>::resize(int) [with T = ImDrawChannel]	48	static
dependencies/imgui/imgui.h:1936:25:T& ImVector<T>::back() [with T = ImDrawCmd]	48	static
dependencies/imgui/imgui.h:1927:25:T& ImVector<T>::operator[](int) [with T = ImDrawCmd]	48	static
dependencies/imgui/imgui.h:1951:25:T* ImVector<T>::erase(const T*) [with T = ImDrawCmd]	64	static
dependencies/imgui/imgui.h:1941:25:void ImVector<T>::resize(int) [with T = ImDrawList*]	48	static
dependencies/imgui/imgui.h:1948:25:void ImVector<T>::push_back(const T&) [with T = ImDrawList*]	48	static
dependencies/imgui/imgui.h:1927:25:T& ImVector<T>::operator[](int) [with T = ImDrawList*]	48	static
dependencies/imgui/imgui.h:1922:25:bool ImVector<T>::empty() const [with T = short unsigned int]	16	static
dependencies/imgui/imgui.h:1927:25:T& ImVector<T>::operator[](int) [with T = ImDrawVert]	48	static
dependencies/imgui/imgui.h:1938:25:void ImVector<T>::swap(ImVector<T>&) [with T = ImDrawVert]	32	static
dependencies/imgui/imgui.h:1930:25:T* ImVector<T>::begin() [with T = ImDrawList*]	16	static
dependencies/imgui/imgui.h:1932:25:T* ImVector<T>::end() [with T = ImDrawList*]	16	static
dependencies/imgui/imgui.h:1930:25:T* ImVector<T>::begin() [with T = ImDrawCmd]	16	static
dependencies/imgui/imgui.h:1932:25:T* ImVector<T>::end() [with T = ImDrawCmd]	16	static
dependencies/imgui/imgui_internal.h:463:38:T ImClamp(T, T, T) [with T = float]	16	static
dependencies/imgui/imgui.h:1913:12:ImVector<T>::ImVector() [with T = ImFontAtlasCustomRect]	16	static
dependencies/imgui/imgui.h:1916:12:ImVector<T>::~ImVector() [with T = ImFontAtlasCustomRect]	48	static
dependencies/imgui/imgui.h:1913:12:ImVector<T>::ImVector() [with T = ImFontConfig]	16	static
dependencies/imgui/imgui.h:1916:12:ImVector<T>::~ImVector() [with T = ImFontConfig]	48	static
dependencies/imgui/imgui.h:1930:25:T* ImVector<T>::begin() [with T = ImFontConfig]	16	static
dependencies/imgui/imgui.h:1932:25:T* ImVector<T>::end() [with T = ImFontConfig]	16	static
dependencies/imgui/imgui.h:1930:25:T* ImVector<T>::begin() [with T = ImFont*]	16	static
dependencies/imgui/imgui.h:1932:25:T* ImVector<T>::end() [with T = ImFont*]	16	static
dependencies/imgui/imgui.h:1918:25:void ImVector<T>::clear() [with T = ImFontConfig]	48	static
dependencies/imgui/imgui.h:1918:25:void ImVector<T>::clear() [with T = ImFontAtlasCustomRect]	48	static
dependencies/imgui/imgui.h:1919:25:void ImVector<T>::clear_delete() [with T = ImFont*]	64	static
dependencies/imgui/imgui.h:1948:25:void ImVector<T>::push_back(const T&) [with T = ImFont*]	48	static
dependencies/imgui/imgui.h:1922:25:bool ImVector<T>::empty() const [with T = ImFont*]	16	static
dependencies/imgui/imgui.h:1948:25:void ImVector<T>::push_back(const T&) [with T = ImFontConfig]	48	static
dependencies/imgui/imgui.h:1936:25:T& ImVector<T>::back() [with T = ImFontConfig]	48	static
dependencies/imgui/imgui.h:1936:25:T& ImVector<T>::back() [with T = ImFont*]	48	static
dependencies/imgui/imgui.h:1948:25:void ImVector<T>::push_back(const T&) [with T = ImFontAtlasCustomRect]	48	static
dependencies/imgui/imgui.h:1931:25:const T* ImVector<T>::begin() const [with T = unsigned int]	16	static
dependencies/imgui/imgui.h:1933:25:const T* ImVector<T>::end() const [with T = unsigned int]	16	static
dependencies/imgui/imgui.h:1948:25:void ImVector<T>::push_back(const T&) [with T = int]	48	static
dependencies/imgui/imgui.h:1913:12:ImVector<T>::ImVector() [with T = ImFontBuildSrcData]	16	static
dependencies/imgui/imgui.h:1916:12:ImVector<T>::~ImVector() [with T = ImFontBuildSrcData]	48	static
dependencies/imgui/imgui.h:1913:12:ImVector<T>::ImVector() [with T = ImFontBuildDstData]	16	static
dependencies/imgui/imgui.h:1916:12:ImVector<T>::~ImVector() [with T = ImFontBuildDstData]	48	static
dependencies/imgui/imgui.h:1941:25:void ImVector<T>::resize(int) [with T = ImFontBuildSrcData]	48	static
dependencies/imgui/imgui.h:1941:25:void ImVector<T>::resize(int) [with T = ImFontBuildDstData]	48	static
dependencies/imgui/imgui.h:1924:25:int ImVector<T>::size_in_bytes() const [with T = ImFontBuildSrcData]	16	static
dependencies/imgui/imgui.h:1924:25:int ImVector<T>::size_in_bytes() const [with T = ImFontBuildDstData]	16	static
dependencies/imgui/imgui.h:1927:25:T& ImVector<T>::operator[](int) [with T = ImFontBuildSrcData]	48	static
dependencies/imgui/imgui.h:1927:25:T& ImVector<T>::operator[](int) [with T = ImFontConfig]	48	static
dependencies/imgui/imgui.h:1927:25:T& ImVector<T>::operator[](int) [with T = ImFontBuildDstData]	48	static
dependencies/imgui/imgui.h:1922:25:bool ImVector<T>::empty() const [with T = unsigned int]	16	static
dependencies/imgui/imgui.h:1944:25:void ImVector<T>::reserve(int) [with T = int]	64	static
dependencies/imgui/imgui.h:1918:25:void ImVector<T>::clear() [with T = ImFontBuildDstData]	48	static
dependencies/imgui/imgui.h:1913:12:ImVector<T>::ImVector() [with T = stbrp_rect]	16	static
dependencies/imgui/imgui.h:1916:12:ImVector<T>::~ImVector() [with T = stbrp_rect]	48	static
dependencies/imgui/imgui.h:1913:12:ImVector<T>::ImVector() [with T = stbtt_packedchar]	16	static
dependencies/imgui/imgui.h:1916:12:ImVector<T>::~ImVector() [with T = stbtt_packedchar]	48	static
dependencies/imgui/imgui.h:1941:25:void ImVector<T>::resize(int) [with T = stbrp_rect]	48	static
dependencies/imgui/imgui.h:1941:25:void ImVector<T>::resize(int) [with T = stbtt_packedchar]	48	static
dependencies/imgui/imgui.h:1924:25:int ImVector<T>::size_in_bytes() const [with T = stbrp_rect]	16	static
dependencies/imgui/imgui.h:1924:25:int ImVector<T>::size_in_bytes() const [with T = stbtt_packedchar]	16	static
dependencies/imgui/imgui.h:1927:25:T& ImVector<T>::operator[](int) [with T = stbrp_rect]	48	static
dependencies/imgui/imgui.h:1927:25:T& ImVector<T>::operator[](int) [with T = stbtt_packedchar]	48	static
dependencies/imgui/imgui.h:1918:25:void ImVector<T>::clear() [with T = stbrp_rect]	48	static
dependencies/imgui/imgui_internal.h:602:18:ImBitVector::~ImBitVector()	48	static
dependencies/imgui/imgui_draw.cpp:2408:8:ImFontBuildSrcData::~ImFontBuildSrcData()	48	static
dependencies/imgui/imgui.h:1920:25:void ImVector<T>::clear_destruct() [with T = ImFontBuildSrcData]	64	static
dependencies/imgui/imgui.h:1948:25:void ImVector<T>::push_back(const T&) [with T = short unsigned int]	48	static
dependencies/imgui/imgui.h:1913:12:ImVector<T>::ImVector() [with T = ImFontGlyph]	16	static
dependencies/imgui/imgui.h:1916:12:ImVector<T>::~ImVector() [with T = ImFontGlyph]	48	static
dependencies/imgui/imgui.h:1918:25:void ImVector<T>::clear() [with T = ImFontGlyph]	48	static
dependencies/imgui/imgui.h:1918:25:void ImVector<T>::clear() [with T = float]	48	static
dependencies/imgui/imgui.h:1927:25:T& ImVector<T>::operator[](int) [with T = ImFontGlyph]	48	static
dependencies/imgui/imgui.h:1927:25:T& ImVector<T>::operator[](int) [with T = float]	48	static
dependencies/imgui/imgui.h:1936:25:T& ImVector<T>::back() [with T = ImFontGlyph]	48	static
dependencies/imgui/imgui.h:1941:25:void ImVector<T>::resize(int) [with T = ImFontGlyph]	48	static
dependencies/imgui/imgui.h:1942:25:void ImVector<T>::resize(int, const T&) [with T = float]	64	static
dependencies/imgui/imgui.h:1942:25:void ImVector<T>::resize(int, const T&) [with T = short unsigned int]	64	static
dependencies/imgui/imgui_internal.h:465:41:void ImSwap(T&, T&) [with T = float]	32	static
dependencies/imgui/imgui_internal.h:464:38:T ImLerp(T, T, float) [with T = float]	16	static
dependencies/imgui/imgui.h:1940:25:int ImVector<T>::_grow_capacity(int) const [with T = ImVec2]	32	static
dependencies/imgui/imgui.h:1944:25:void ImVector<T>::reserve(int) [with T = unsigned int]	64	static
dependencies/imgui/imgui.h:1940:25:int ImVector<T>::_grow_capacity(int) const [with T = unsigned int]	32	static
dependencies/imgui/imgui.h:1944:25:void ImVector<T>::reserve(int) [with T = ImDrawCmd]	64	static
dependencies/imgui/imgui.h:1940:25:int ImVector<T>::_grow_capacity(int) const [with T = ImDrawCmd]	32	static
dependencies/imgui/imgui.h:1944:25:void ImVector<T>::reserve(int) [with T = short unsigned int]	64	static
dependencies/imgui/imgui.h:1940:25:int ImVector<T>::_grow_capacity(int) const [with T = short unsigned int]	32	static
dependencies/imgui/imgui.h:1944:25:void ImVector<T>::reserve(int) [with T = ImDrawVert]	64	static
dependencies/imgui/imgui.h:1940:25:int ImVector<T>::_grow_capacity(int) const [with T = ImDrawVert]	32	static
dependencies/imgui/imgui.h:1944:25:void ImVector<T>::reserve(int) [with T = ImVec4]	64	static
dependencies/imgui/imgui.h:1940:25:int ImVector<T>::_grow_capacity(int) const [with T = ImVec4]	32	static
dependencies/imgui/imgui.h:1944:25:void ImVector<T>::reserve(int) [with T = void*]	64	static
dependencies/imgui/imgui.h:1940:25:int ImVector<T>::_grow_capacity(int) const [with T = void*]	32	static
dependencies/imgui/imgui.h:1940:25:int ImVector<T>::_grow_capacity(int) const [with T = ImDrawChannel]	32	static
dependencies/imgui/imgui.h:1944:25:void ImVector<T>::reserve(int) [with T = ImDrawList*]	64	static
dependencies/imgui/imgui.h:1940:25:int ImVector<T>::_grow_capacity(int) const [with T = ImDrawList*]	32	static
dependencies/imgui/imgui.h:1886:27:void IM_DELETE(T*) [with T = ImFont]	48	static
dependencies/imgui/imgui.h:1918:25:void ImVector<T>::clear() [with T = ImFont*]	48	static
dependencies/imgui/imgui.h:1944:25:void ImVector<T>::reserve(int) [with T = ImFont*]	64	static
dependencies/imgui/imgui.h:1940:25:int ImVector<T>::_grow_capacity(int) const [with T = ImFont*]	32	static
dependencies/imgui/imgui.h:1944:25:void ImVector<T>::reserve(int) [with T = ImFontConfig]	64	static
dependencies/imgui/imgui.h:1940:25:int ImVector<T>::_grow_capacity(int) const [with T = ImFontConfig]	32	static
dependencies/imgui/imgui.h:1944:25:void ImVector<T>::reserve(int) [with T = ImFontAtlasCustomRect]	64	static
dependencies/imgui/imgui.h:1940:25:int ImVector<T>::_grow_capacity(int) const [with T = ImFontAtlasCustomRect]	32	static
dependencies/imgui/imgui.h:1940:25:int ImVector<T>::_grow_capacity(int) const [with T = int]	32	static
dependencies/imgui/imgui.h:1944:25:void ImVector<T>::reserve(int) [with T = ImFontBuildSrcData]	64	static
dependencies/imgui/imgui.h:1940:25:int ImVector<T>::_grow_capacity(int) const [with T = ImFontBuildSrcData]	32	static
dependencies/imgui/imgui.h:1944:25:void ImVector<T>::reserve(int) [with T = ImFontBuildDstData]	64	static
dependencies/imgui/imgui.h:1940:25:int ImVector<T>::_grow_capacity(int) const [with T = ImFontBuildDstData]	32	static
dependencies/imgui/imgui.h:1944:25:void ImVector<T>::reserve(int) [with T = stbrp_rect]	64	static
dependencies/imgui/imgui.h:1940:25:int ImVector<T>::_grow_capacity(int) const [with T = stbrp_rect]	32	static
dependencies/imgui/imgui.h:1944:25:void ImVector<T>::reserve(int) [with T = stbtt_packedchar]	64	static
dependencies/imgui/imgui.h:1940:25:int ImVector<T>::_grow_capacity(int) const [with T = stbtt_packedchar]	32	static
dependencies/imgui/imgui.h:1918:25:void ImVector<T>::clear() [with T = ImFontBuildSrcData]	48	static
dependencies/imgui/imgui.h:1944:25:void ImVector<T>::reserve(int) [with T = ImFontGlyph]	64	static
dependencies/imgui/imgui.h:1940:25:int ImVector<T>::_grow_capacity(int) const [with T = ImFontGlyph]	32	static
dependencies/imgui/imgui.h:1944:25:void ImVector<T>::reserve(int) [with T = float]	64	static
dependencies/imgui/imgui.h:1940:25:int ImVector<T>::_grow_capacity(int) const [with T = float]	32	static
