dependencies/imgui/imgui.h:266:15:constexpr ImVec2::ImVec2()	16	static
dependencies/imgui/imgui.h:267:15:constexpr ImVec2::ImVec2(float, float)	16	static
dependencies/imgui/imgui.h:280:15:constexpr ImVec4::ImVec4(float, float, float, float)	16	static
dependencies/imgui/imgui.h:1855:5:ImGuiTableSortSpecs::ImGuiTableSortSpecs()	48	static
dependencies/imgui/imgui.h:1866:5:ImGuiTableColumnSortSpecs::ImGuiTableColumnSortSpecs()	48	static
dependencies/imgui/imgui.h:1880:14:void* operator new(size_t, ImNewWrapper, void*)	16	static
dependencies/imgui/imgui.h:1881:14:void operator delete(void*, ImNewWrapper, void*)	16	static
dependencies/imgui/imgui.h:2372:5:ImGuiTextBuffer::ImGuiTextBuffer()	48	static
dependencies/imgui/imgui.h:2376:25:int ImGuiTextBuffer::size() const	16	static
dependencies/imgui/imgui.h:2378:25:void ImGuiTextBuffer::clear()	48	static
dependencies/imgui/imgui.h:2379:25:void ImGuiTextBuffer::reserve(int)	48	static
dependencies/imgui/imgui.h:2493:23:ImVec2 operator*(const ImVec2&, float)	64	static
dependencies/imgui/imgui.h:2495:23:ImVec2 operator+(const ImVec2&, const ImVec2&)	64	static
dependencies/imgui/imgui.h:2647:12:ImDrawListSplitter::ImDrawListSplitter()	48	static
dependencies/imgui/imgui.h:2648:12:ImDrawListSplitter::~ImDrawListSplitter()	48	static
dependencies/imgui/imgui.h:2649:33:void ImDrawListSplitter::Clear()	16	static
C:/mingw64/x86_64-w64-mingw32/include/stdio.h:293:5:)	64	static
dependencies/imgui/imgui_internal.h:363:25:bool ImIsPowerOfTwo(int)	16	static
dependencies/imgui/imgui_internal.h:469:22:ImVec2 ImMin(const ImVec2&, const ImVec2&)	64	static
dependencies/imgui/imgui_internal.h:470:22:ImVec2 ImMax(const ImVec2&, const ImVec2&)	64	static
dependencies/imgui/imgui_internal.h:471:22:ImVec2 ImClamp(const ImVec2&, const ImVec2&, ImVec2)	64	static
dependencies/imgui/imgui_internal.h:479:22:float ImTrunc(float)	16	static
dependencies/imgui/imgui_internal.h:485:22:ImVec2 ImRotate(const ImVec2&, float, float)	64	static
dependencies/imgui/imgui_internal.h:509:15:constexpr ImVec1::ImVec1()	16	static
dependencies/imgui/imgui_internal.h:529:15:constexpr ImRect::ImRect()	48	static
dependencies/imgui/imgui_internal.h:530:15:constexpr ImRect::ImRect(const ImVec2&, const ImVec2&)	16	static
dependencies/imgui/imgui_internal.h:531:15:constexpr ImRect::ImRect(const ImVec4&)	48	static
dependencies/imgui/imgui_internal.h:532:15:constexpr ImRect::ImRect(float, float, float, float)	48	static
dependencies/imgui/imgui_internal.h:535:17:ImVec2 ImRect::GetSize() const	64	static
dependencies/imgui/imgui_internal.h:536:17:float ImRect::GetWidth() const	16	static
dependencies/imgui/imgui_internal.h:537:17:float ImRect::GetHeight() const	16	static
dependencies/imgui/imgui_internal.h:541:17:ImVec2 ImRect::GetBL() const	64	static
dependencies/imgui/imgui_internal.h:544:17:bool ImRect::Contains(const ImRect&) const	16	static
dependencies/imgui/imgui_internal.h:546:17:bool ImRect::Overlaps(const ImRect&) const	16	static
dependencies/imgui/imgui_internal.h:548:17:void ImRect::Add(const ImRect&)	16	static
dependencies/imgui/imgui_internal.h:554:17:void ImRect::ClipWith(const ImRect&)	64	static
dependencies/imgui/imgui_internal.h:555:17:void ImRect::ClipWithFull(const ImRect&)	64	static
dependencies/imgui/imgui_internal.h:558:17:ImVec4 ImRect::ToVec4() const	64	static
dependencies/imgui/imgui_internal.h:564:17:size_t ImBitArrayGetStorageSizeInBytes(int)	16	static
dependencies/imgui/imgui_internal.h:565:17:void ImBitArrayClearAllBits(ImU32*, int)	48	static
dependencies/imgui/imgui_internal.h:567:17:void ImBitArrayClearBit(ImU32*, int)	32	static
dependencies/imgui/imgui_internal.h:568:17:void ImBitArraySetBit(ImU32*, int)	32	static
dependencies/imgui/imgui_internal.h:569:17:void ImBitArraySetBitRange(ImU32*, int, int)	32	static
dependencies/imgui/imgui_internal.h:1669:5:ImGuiOldColumnData::ImGuiOldColumnData()	48	static
dependencies/imgui/imgui_internal.h:1690:5:ImGuiOldColumns::ImGuiOldColumns()	48	static
dependencies/imgui/imgui_internal.h:1776:5:ImGuiSettingsHandler::ImGuiSettingsHandler()	48	static
dependencies/imgui/imgui.h:2367:8:ImGuiTextBuffer::~ImGuiTextBuffer()	48	static
dependencies/imgui/imgui_internal.h:703:8:ImChunkStream<ImGuiTableSettings>::ImChunkStream()	48	static
dependencies/imgui/imgui_internal.h:703:8:ImChunkStream<ImGuiTableSettings>::~ImChunkStream()	48	static
dependencies/imgui/imgui_internal.h:2595:17:ImRect ImGuiWindow::Rect() const	64	static
dependencies/imgui/imgui_internal.h:2741:5:ImGuiTableColumn::ImGuiTableColumn()	48	static
dependencies/imgui/imgui_internal.h:2773:5:ImGuiTableInstanceData::ImGuiTableInstanceData()	16	static
dependencies/imgui/imgui_internal.h:2893:5:ImGuiTable::ImGuiTable()	48	static
dependencies/imgui/imgui_internal.h:2894:5:ImGuiTable::~ImGuiTable()	48	static
dependencies/imgui/imgui_internal.h:2919:5:ImGuiTableTempData::ImGuiTableTempData()	48	static
dependencies/imgui/imgui_internal.h:2934:5:ImGuiTableColumnSettings::ImGuiTableColumnSettings()	16	static
dependencies/imgui/imgui_internal.h:2956:5:ImGuiTableSettings::ImGuiTableSettings()	48	static
dependencies/imgui/imgui_internal.h:2957:33:ImGuiTableColumnSettings* ImGuiTableSettings::GetColumnSettings()	16	static
dependencies/imgui/imgui_internal.h:2972:29:ImGuiWindow* ImGui::GetCurrentWindowRead()	32	static
dependencies/imgui/imgui_internal.h:2973:29:ImGuiWindow* ImGui::GetCurrentWindow()	32	static
dependencies/imgui/imgui_internal.h:3045:29:const char* ImGui::LocalizeGetMsg(ImGuiLocKey)	32	static
dependencies/imgui/imgui_internal.h:3079:29:void ImGui::ItemSize(const ImRect&, float)	64	static
dependencies/imgui/imgui_internal.h:3305:37:ImGuiTableInstanceData* ImGui::TableGetInstanceData(ImGuiTable*, int)	48	static
dependencies/imgui/imgui_internal.h:3306:37:ImGuiID ImGui::TableGetInstanceID(ImGuiTable*, int)	48	static
dependencies/imgui/imgui_tables.cpp:262:24:ImGuiTableFlags TableFixFlags(ImGuiTableFlags, ImGuiWindow*)	16	static
dependencies/imgui/imgui_tables.cpp:295:13:ImGuiTable* ImGui::TableFindByID(ImGuiID)	64	static
dependencies/imgui/imgui_tables.cpp:302:9:bool ImGui::BeginTable(const char*, int, ImGuiTableFlags, const ImVec2&, float)	80	static
dependencies/imgui/imgui_internal.h:2901:18:ImGuiTableTempData::~ImGuiTableTempData()	48	static
dependencies/imgui/imgui_tables.cpp:308:9:bool ImGui::BeginTableEx(const char*, ImGuiID, int, ImGuiTableFlags, const ImVec2&, float)	656	static
dependencies/imgui/imgui_tables.cpp:618:6:void ImGui::TableBeginInitMemory(ImGuiTable*, int)	128	static
dependencies/imgui/imgui_tables.cpp:640:6:void ImGui::TableBeginApplyRequests(ImGuiTable*)	112	static
dependencies/imgui/imgui_tables.cpp:707:13:void TableSetupColumnFlags(ImGuiTable*, ImGuiTableColumn*, ImGuiTableColumnFlags)	80	static
dependencies/imgui/imgui_tables.cpp:766:6:void ImGui::TableUpdateLayout(ImGuiTable*)	352	static
dependencies/imgui/imgui_tables.cpp:1231:6:void ImGui::TableUpdateBorders(ImGuiTable*)	176	static
dependencies/imgui/imgui_tables.cpp:1292:9:void ImGui::EndTable()	256	static
dependencies/imgui/imgui_tables.cpp:1506:6:void ImGui::TableSetupColumn(const char*, ImGuiTableColumnFlags, float, ImGuiID)	96	static
dependencies/imgui/imgui_tables.cpp:1579:6:void ImGui::TableSetupScrollFreeze(int, int)	96	static
dependencies/imgui/imgui_tables.cpp:1622:5:int ImGui::TableGetColumnCount()	32	static
dependencies/imgui/imgui_tables.cpp:1629:13:const char* ImGui::TableGetColumnName(int)	64	static
dependencies/imgui/imgui_tables.cpp:1640:13:const char* ImGui::TableGetColumnName(const ImGuiTable*, int)	64	static
dependencies/imgui/imgui_tables.cpp:1656:6:void ImGui::TableSetColumnEnabled(int, bool)	80	static
dependencies/imgui/imgui_tables.cpp:1672:23:ImGuiTableColumnFlags ImGui::TableGetColumnFlags(int)	64	static
dependencies/imgui/imgui_tables.cpp:1691:8:ImRect ImGui::TableGetCellBgRect(const ImGuiTable*, int)	80	static
dependencies/imgui/imgui_tables.cpp:1706:9:ImGuiID ImGui::TableGetColumnResizeID(ImGuiTable*, int, int)	64	static
dependencies/imgui/imgui_tables.cpp:1714:5:int ImGui::TableGetHoveredColumn()	32	static
dependencies/imgui/imgui_tables.cpp:1726:5:int ImGui::TableGetHoveredRow()	80	static
dependencies/imgui/imgui_tables.cpp:1736:6:void ImGui::TableSetBgColor(ImGuiTableBgTarget, ImU32, int)	80	static
dependencies/imgui/imgui_tables.cpp:1788:5:int ImGui::TableGetRowIndex()	32	static
dependencies/imgui/imgui_tables.cpp:1798:6:void ImGui::TableNextRow(ImGuiTableRowFlags, float)	64	static
dependencies/imgui/imgui_tables.cpp:1824:6:void ImGui::TableBeginRow(ImGuiTable*)	80	static
dependencies/imgui/imgui_tables.cpp:1861:6:void ImGui::TableEndRow(ImGuiTable*)	288	static
dependencies/imgui/imgui_tables.cpp:2009:5:int ImGui::TableGetColumnIndex()	32	static
dependencies/imgui/imgui_tables.cpp:2019:6:bool ImGui::TableSetColumnIndex(int)	64	static
dependencies/imgui/imgui_tables.cpp:2040:6:bool ImGui::TableNextColumn()	64	static
dependencies/imgui/imgui_tables.cpp:2068:6:void ImGui::TableBeginCell(ImGuiTable*, int)	80	static
dependencies/imgui/imgui_tables.cpp:2123:6:void ImGui::TableEndCell(ImGuiTable*)	80	static
dependencies/imgui/imgui_tables.cpp:2159:7:float ImGui::TableGetMaxColumnWidth(const ImGuiTable*, int)	80	static
dependencies/imgui/imgui_tables.cpp:2191:7:float ImGui::TableGetColumnWidthAuto(ImGuiTable*, ImGuiTableColumn*)	64	static
dependencies/imgui/imgui_tables.cpp:2208:6:void ImGui::TableSetColumnWidth(int, float)	96	static
dependencies/imgui/imgui_tables.cpp:2291:6:void ImGui::TableSetColumnWidthAutoSingle(ImGuiTable*, int)	64	static
dependencies/imgui/imgui_tables.cpp:2301:6:void ImGui::TableSetColumnWidthAutoAll(ImGuiTable*)	64	static
dependencies/imgui/imgui_tables.cpp:2313:6:void ImGui::TableUpdateColumnsWeightFromWidth(ImGuiTable*)	80	static
dependencies/imgui/imgui_tables.cpp:2355:6:void ImGui::TablePushBackgroundChannel()	80	static
dependencies/imgui/imgui_tables.cpp:2367:6:void ImGui::TablePopBackgroundChannel()	80	static
dependencies/imgui/imgui_tables.cpp:2395:6:void ImGui::TableSetupDrawChannels(ImGuiTable*)	96	static
dependencies/imgui/imgui_tables.cpp:2463:6:void ImGui::TableMergeDrawChannels(ImGuiTable*)	480	static
dependencies/imgui/imgui_tables.cpp:2633:14:ImU32 TableGetColumnBorderCol(ImGuiTable*, int, int)	64	static
dependencies/imgui/imgui_tables.cpp:2646:6:void ImGui::TableDrawBorders(ImGuiTable*)	272	static
dependencies/imgui/imgui_tables.cpp:2746:22:ImGuiTableSortSpecs* ImGui::TableGetSortSpecs()	64	static
dependencies/imgui/imgui_tables.cpp:2763:34:ImGuiSortDirection TableGetColumnAvailSortDirection(ImGuiTableColumn*, int)	48	static
dependencies/imgui/imgui_tables.cpp:2770:6:void ImGui::TableFixColumnSortDirection(ImGuiTable*, ImGuiTableColumn*)	48	static
dependencies/imgui/imgui_tables.cpp:2782:20:ImGuiSortDirection ImGui::TableGetColumnNextSortDirection(ImGuiTableColumn*)	80	static
dependencies/imgui/imgui_tables.cpp:2796:6:void ImGui::TableSetColumnSortDirection(int, ImGuiSortDirection, bool)	96	static
dependencies/imgui/imgui_tables.cpp:2829:6:void ImGui::TableSortSpecsSanitize(ImGuiTable*)	144	static
dependencies/imgui/imgui_tables.cpp:2895:6:void ImGui::TableSortSpecsBuild(ImGuiTable*)	80	static
dependencies/imgui/imgui_tables.cpp:2936:7:float ImGui::TableGetHeaderRowHeight()	80	static
dependencies/imgui/imgui_tables.cpp:2952:7:float ImGui::TableGetHeaderAngledMaxLabelWidth()	80	static
dependencies/imgui/imgui_tables.cpp:2970:6:void ImGui::TableHeadersRow()	112	static
dependencies/imgui/imgui_tables.cpp:3011:6:void ImGui::TableHeader(const char*)	352	static
dependencies/imgui/imgui_tables.cpp:3154:6:void ImGui::TableAngledHeadersRow()	64	static
dependencies/imgui/imgui_tables.cpp:3160:6:void ImGui::TableAngledHeadersRowEx(float, float)	448	static
dependencies/imgui/imgui_tables.cpp:3274:6:void ImGui::TableOpenContextMenu(int)	80	static
dependencies/imgui/imgui_tables.cpp:3293:6:bool ImGui::TableBeginContextMenuPopup(ImGuiTable*)	64	static
dependencies/imgui/imgui_tables.cpp:3312:6:void ImGui::TableDrawDefaultContextMenu(ImGuiTable*, ImGuiTableFlags)	160	static
dependencies/imgui/imgui_tables.cpp:3428:13:void TableSettingsInit(ImGuiTableSettings*, ImGuiID, int, int)	80	static
dependencies/imgui/imgui_tables.cpp:3440:15:size_t TableSettingsCalcChunkSize(int)	16	static
dependencies/imgui/imgui_tables.cpp:3445:21:ImGuiTableSettings* ImGui::TableSettingsCreate(ImGuiID, int)	80	static
dependencies/imgui/imgui_tables.cpp:3454:21:ImGuiTableSettings* ImGui::TableSettingsFindByID(ImGuiID)	64	static
dependencies/imgui/imgui_tables.cpp:3465:21:ImGuiTableSettings* ImGui::TableGetBoundSettings(ImGuiTable*)	64	static
dependencies/imgui/imgui_tables.cpp:3480:6:void ImGui::TableResetSettings(ImGuiTable*)	16	static
dependencies/imgui/imgui_tables.cpp:3488:6:void ImGui::TableSaveSettings(ImGuiTable*)	96	static
dependencies/imgui/imgui_tables.cpp:3543:6:void ImGui::TableLoadSettings(ImGuiTable*)	144	static
dependencies/imgui/imgui_tables.cpp:3608:13:void TableSettingsHandler_ClearAll(ImGuiContext*, ImGuiSettingsHandler*)	80	static
dependencies/imgui/imgui_tables.cpp:3618:13:void TableSettingsHandler_ApplyAll(ImGuiContext*, ImGuiSettingsHandler*)	80	static
dependencies/imgui/imgui_tables.cpp:3629:14:void* TableSettingsHandler_ReadOpen(ImGuiContext*, ImGuiSettingsHandler*, const char*)	64	static
dependencies/imgui/imgui_tables.cpp:3648:13:void TableSettingsHandler_ReadLine(ImGuiContext*, ImGuiSettingsHandler*, void*, const char*)	112	static
dependencies/imgui/imgui_tables.cpp:3674:13:void TableSettingsHandler_WriteAll(ImGuiContext*, ImGuiSettingsHandler*, ImGuiTextBuffer*)	128	static
dependencies/imgui/imgui_tables.cpp:3715:6:void ImGui::TableSettingsAddSettingsHandler()	128	static
dependencies/imgui/imgui_tables.cpp:3737:6:void ImGui::TableRemove(ImGuiTable*)	64	static
dependencies/imgui/imgui_tables.cpp:3749:6:void ImGui::TableGcCompactTransientBuffers(ImGuiTable*)	80	static
dependencies/imgui/imgui_tables.cpp:3764:6:void ImGui::TableGcCompactTransientBuffers(ImGuiTableTempData*)	48	static
dependencies/imgui/imgui_tables.cpp:3771:6:void ImGui::TableGcCompactSettings()	112	static
dependencies/imgui/imgui_tables.cpp:3797:20:const char* DebugNodeTableGetSizingPolicyDesc(ImGuiTableFlags)	16	static
dependencies/imgui/imgui_tables.cpp:3807:6:void ImGui::DebugNodeTable(ImGuiTable*)	1216	static
dependencies/imgui/imgui_tables.cpp:3881:6:void ImGui::DebugNodeTableSettings(ImGuiTableSettings*)	128	static
dependencies/imgui/imgui_tables.cpp:3935:6:void ImGui::SetWindowClipRectBeforeSetChannel(ImGuiWindow*, const ImRect&)	64	static
dependencies/imgui/imgui_tables.cpp:3943:5:int ImGui::GetColumnIndex()	64	static
dependencies/imgui/imgui_tables.cpp:3949:5:int ImGui::GetColumnsCount()	64	static
dependencies/imgui/imgui_tables.cpp:3955:7:float ImGui::GetColumnOffsetFromNorm(const ImGuiOldColumns*, float)	16	static
dependencies/imgui/imgui_tables.cpp:3960:7:float ImGui::GetColumnNormFromOffset(const ImGuiOldColumns*, float)	16	static
dependencies/imgui/imgui_tables.cpp:3967:14:float GetDraggedColumnOffset(ImGuiOldColumns*, int)	80	static
dependencies/imgui/imgui_tables.cpp:3984:7:float ImGui::GetColumnOffset(int)	80	static
dependencies/imgui/imgui_tables.cpp:4000:14:float GetColumnWidthEx(ImGuiOldColumns*, int, bool)	80	static
dependencies/imgui/imgui_tables.cpp:4013:7:float ImGui::GetColumnWidth(int)	96	static
dependencies/imgui/imgui_tables.cpp:4026:6:void ImGui::SetColumnOffset(int, float)	96	static
dependencies/imgui/imgui_tables.cpp:4048:6:void ImGui::SetColumnWidth(int, float)	64	static
dependencies/imgui/imgui_tables.cpp:4059:6:void ImGui::PushColumnClipRect(int)	80	static
dependencies/imgui/imgui_tables.cpp:4071:6:void ImGui::PushColumnsBackground()	64	static
dependencies/imgui/imgui_tables.cpp:4084:6:void ImGui::PopColumnsBackground()	64	static
dependencies/imgui/imgui_internal.h:1672:8:ImGuiOldColumns::~ImGuiOldColumns()	48	static
dependencies/imgui/imgui_tables.cpp:4096:18:ImGuiOldColumns* ImGui::FindOrCreateColumns(ImGuiWindow*, ImGuiID)	224	static
dependencies/imgui/imgui_tables.cpp:4109:9:ImGuiID ImGui::GetColumnsID(const char*, int)	64	static
dependencies/imgui/imgui_tables.cpp:4122:6:void ImGui::BeginColumns(const char*, int, ImGuiOldColumnFlags)	224	static
dependencies/imgui/imgui_tables.cpp:4201:6:void ImGui::NextColumn()	112	static
dependencies/imgui/imgui_tables.cpp:4257:6:void ImGui::EndColumns()	256	static
dependencies/imgui/imgui_tables.cpp:4333:6:void ImGui::Columns(int, const char*, bool)	80	static
dependencies/imgui/imgui.h:1913:12:ImVector<T>::ImVector() [with T = char]	16	static
dependencies/imgui/imgui.h:1916:12:ImVector<T>::~ImVector() [with T = char]	48	static
dependencies/imgui/imgui.h:1918:25:void ImVector<T>::clear() [with T = char]	48	static
dependencies/imgui/imgui.h:1944:25:void ImVector<T>::reserve(int) [with T = char]	64	static
dependencies/imgui/imgui.h:1913:12:ImVector<T>::ImVector() [with T = ImDrawChannel]	16	static
dependencies/imgui/imgui.h:1916:12:ImVector<T>::~ImVector() [with T = ImDrawChannel]	48	static
dependencies/imgui/imgui_internal.h:461:38:T ImMin(T, T) [with T = float]	16	static
dependencies/imgui/imgui_internal.h:462:38:T ImMax(T, T) [with T = float]	16	static
dependencies/imgui/imgui_internal.h:461:38:T ImMin(T, T) [with T = int]	16	static
dependencies/imgui/imgui.h:1913:12:ImVector<T>::ImVector() [with T = ImGuiOldColumnData]	16	static
dependencies/imgui/imgui.h:1916:12:ImVector<T>::~ImVector() [with T = ImGuiOldColumnData]	48	static
dependencies/imgui/imgui_internal.h:622:12:ImSpan<T>::ImSpan() [with T = ImGuiTableColumn]	16	static
dependencies/imgui/imgui_internal.h:622:12:ImSpan<T>::ImSpan() [with T = short int]	16	static
dependencies/imgui/imgui_internal.h:622:12:ImSpan<T>::ImSpan() [with T = ImGuiTableCellData]	16	static
dependencies/imgui/imgui.h:1913:12:ImVector<T>::ImVector() [with T = ImGuiTableInstanceData]	16	static
dependencies/imgui/imgui.h:1916:12:ImVector<T>::~ImVector() [with T = ImGuiTableInstanceData]	48	static
dependencies/imgui/imgui.h:1913:12:ImVector<T>::ImVector() [with T = ImGuiTableColumnSortSpecs]	16	static
dependencies/imgui/imgui.h:1916:12:ImVector<T>::~ImVector() [with T = ImGuiTableColumnSortSpecs]	48	static
dependencies/imgui/imgui.h:1927:25:T& ImVector<T>::operator[](int) [with T = ImGuiTableInstanceData]	48	static
dependencies/imgui/imgui_internal.h:678:17:T* ImPool<T>::GetByKey(ImGuiID) [with T = ImGuiTable]	64	static
dependencies/imgui/imgui_internal.h:681:17:T* ImPool<T>::GetOrAddByKey(ImGuiID) [with T = ImGuiTable]	64	static
dependencies/imgui/imgui_internal.h:680:17:ImPoolIdx ImPool<T>::GetIndex(const T*) const [with T = ImGuiTable]	48	static
dependencies/imgui/imgui.h:1942:25:void ImVector<T>::resize(int, const T&) [with T = ImGuiTableTempData]	64	static
dependencies/imgui/imgui.h:1927:25:T& ImVector<T>::operator[](int) [with T = ImGuiTableTempData]	48	static
dependencies/imgui/imgui.h:1948:25:void ImVector<T>::push_back(const T&) [with T = ImGuiTableInstanceData]	48	static
dependencies/imgui/imgui.h:1942:25:void ImVector<T>::resize(int, const T&) [with T = float]	64	static
dependencies/imgui/imgui.h:1927:25:T& ImVector<T>::operator[](int) [with T = float]	48	static
dependencies/imgui/imgui_internal.h:628:25:int ImSpan<T>::size() const [with T = ImGuiTableColumn]	16	static
dependencies/imgui/imgui_internal.h:630:25:T& ImSpan<T>::operator[](int) [with T = ImGuiTableColumn]	64	static
dependencies/imgui/imgui_internal.h:630:25:T& ImSpan<T>::operator[](int) [with T = short int]	64	static
dependencies/imgui/imgui.h:1941:25:void ImVector<T>::resize(int) [with T = char]	48	static
dependencies/imgui/imgui_internal.h:654:5:ImSpanAllocator<CHUNKS>::ImSpanAllocator() [with int CHUNKS = 6]	48	static
dependencies/imgui/imgui_internal.h:655:18:void ImSpanAllocator<CHUNKS>::Reserve(int, size_t, int) [with int CHUNKS = 6]	48	static
dependencies/imgui/imgui_internal.h:656:18:int ImSpanAllocator<CHUNKS>::GetArenaSizeInBytes() [with int CHUNKS = 6]	16	static
dependencies/imgui/imgui_internal.h:657:18:void ImSpanAllocator<CHUNKS>::SetArenaBasePtr(void*) [with int CHUNKS = 6]	16	static
dependencies/imgui/imgui_internal.h:661:18:void ImSpanAllocator<CHUNKS>::GetSpan(int, ImSpan<T>*) [with T = ImGuiTableColumn; int CHUNKS = 6]	64	static
dependencies/imgui/imgui_internal.h:661:18:void ImSpanAllocator<CHUNKS>::GetSpan(int, ImSpan<T>*) [with T = short int; int CHUNKS = 6]	64	static
dependencies/imgui/imgui_internal.h:661:18:void ImSpanAllocator<CHUNKS>::GetSpan(int, ImSpan<T>*) [with T = ImGuiTableCellData; int CHUNKS = 6]	64	static
dependencies/imgui/imgui_internal.h:658:18:void* ImSpanAllocator<CHUNKS>::GetSpanPtrBegin(int) [with int CHUNKS = 6]	48	static
dependencies/imgui/imgui_internal.h:639:17:int ImSpan<T>::index_from_ptr(const T*) const [with T = ImGuiTableColumn]	64	static
dependencies/imgui/imgui_internal.h:463:38:T ImClamp(T, T, T) [with T = float]	16	static
dependencies/imgui/imgui.h:1936:25:T& ImVector<T>::back() [with T = ImVec4]	48	static
dependencies/imgui/imgui.h:1936:25:T& ImVector<T>::back() [with T = unsigned int]	48	static
dependencies/imgui/imgui_internal.h:679:17:T* ImPool<T>::GetByIndex(ImPoolIdx) [with T = ImGuiTable]	48	static
dependencies/imgui/imgui_internal.h:465:41:void ImSwap(T&, T&) [with T = short int]	32	static
dependencies/imgui/imgui_internal.h:631:25:const T& ImSpan<T>::operator[](int) const [with T = ImGuiTableColumn]	64	static
dependencies/imgui/imgui.h:1928:25:const T& ImVector<T>::operator[](int) const [with T = char]	48	static
dependencies/imgui/imgui_internal.h:630:25:T& ImSpan<T>::operator[](int) [with T = ImGuiTableCellData]	64	static
dependencies/imgui/imgui.h:1927:25:T& ImVector<T>::operator[](int) [with T = ImDrawChannel]	48	static
dependencies/imgui/imgui.h:1936:25:T& ImVector<T>::back() [with T = ImDrawCmd]	48	static
dependencies/imgui/imgui.h:1949:25:void ImVector<T>::pop_back() [with T = ImDrawCmd]	48	static
dependencies/imgui/imgui.h:1927:25:T& ImVector<T>::operator[](int) [with T = ImDrawCmd]	48	static
dependencies/imgui/imgui.h:1941:25:void ImVector<T>::resize(int) [with T = ImDrawChannel]	48	static
dependencies/imgui/imgui_internal.h:462:38:T ImMax(T, T) [with T = short int]	16	static
dependencies/imgui/imgui.h:1941:25:void ImVector<T>::resize(int) [with T = ImGuiTableColumnSortSpecs]	48	static
dependencies/imgui/imgui_internal.h:710:13:T* ImChunkStream<T>::alloc_chunk(size_t) [with T = ImGuiTableSettings]	64	static
dependencies/imgui/imgui_internal.h:711:13:T* ImChunkStream<T>::begin() [with T = ImGuiTableSettings]	32	static
dependencies/imgui/imgui_internal.h:712:13:T* ImChunkStream<T>::next_chunk(T*) [with T = ImGuiTableSettings]	64	static
dependencies/imgui/imgui_internal.h:716:13:T* ImChunkStream<T>::ptr_from_offset(int) [with T = ImGuiTableSettings]	48	static
dependencies/imgui/imgui_internal.h:715:13:int ImChunkStream<T>::offset_from_ptr(const T*) [with T = ImGuiTableSettings]	64	static
dependencies/imgui/imgui_internal.h:693:17:int ImPool<T>::GetMapSize() const [with T = ImGuiTable]	16	static
dependencies/imgui/imgui_internal.h:694:17:T* ImPool<T>::TryGetMapData(ImPoolIdx) [with T = ImGuiTable]	64	static
dependencies/imgui/imgui_internal.h:707:13:void ImChunkStream<T>::clear() [with T = ImGuiTableSettings]	48	static
dependencies/imgui/imgui_internal.h:685:17:void ImPool<T>::Remove(ImGuiID, const T*) [with T = ImGuiTable]	48	static
dependencies/imgui/imgui.h:1918:25:void ImVector<T>::clear() [with T = ImGuiTableColumnSortSpecs]	48	static
dependencies/imgui/imgui_internal.h:717:13:void ImChunkStream<T>::swap(ImChunkStream<T>&) [with T = ImGuiTableSettings]	48	static
dependencies/imgui/imgui.h:1927:25:T& ImVector<T>::operator[](int) [with T = ImGuiOldColumnData]	48	static
dependencies/imgui/imgui_internal.h:464:38:T ImLerp(T, T, float) [with T = float]	16	static
dependencies/imgui/imgui.h:1927:25:T& ImVector<T>::operator[](int) [with T = ImGuiOldColumns]	48	static
dependencies/imgui/imgui.h:1948:25:void ImVector<T>::push_back(const T&) [with T = ImGuiOldColumns]	48	static
dependencies/imgui/imgui.h:1936:25:T& ImVector<T>::back() [with T = ImGuiOldColumns]	48	static
dependencies/imgui/imgui.h:1941:25:void ImVector<T>::resize(int) [with T = ImGuiOldColumnData]	48	static
dependencies/imgui/imgui.h:1944:25:void ImVector<T>::reserve(int) [with T = ImGuiOldColumnData]	64	static
dependencies/imgui/imgui.h:1948:25:void ImVector<T>::push_back(const T&) [with T = ImGuiOldColumnData]	48	static
dependencies/imgui/imgui.h:1927:25:T& ImVector<T>::operator[](int) [with T = ImGuiTable]	48	static
dependencies/imgui/imgui_internal.h:684:17:T* ImPool<T>::Add() [with T = ImGuiTable]	80	static
dependencies/imgui/imgui.h:1944:25:void ImVector<T>::reserve(int) [with T = ImGuiTableTempData]	64	static
dependencies/imgui/imgui.h:1940:25:int ImVector<T>::_grow_capacity(int) const [with T = ImGuiTableTempData]	32	static
dependencies/imgui/imgui.h:1944:25:void ImVector<T>::reserve(int) [with T = ImGuiTableInstanceData]	64	static
dependencies/imgui/imgui.h:1940:25:int ImVector<T>::_grow_capacity(int) const [with T = ImGuiTableInstanceData]	32	static
dependencies/imgui/imgui.h:1944:25:void ImVector<T>::reserve(int) [with T = float]	64	static
dependencies/imgui/imgui.h:1940:25:int ImVector<T>::_grow_capacity(int) const [with T = float]	32	static
dependencies/imgui/imgui.h:1940:25:int ImVector<T>::_grow_capacity(int) const [with T = char]	32	static
dependencies/imgui/imgui_internal.h:659:18:void* ImSpanAllocator<CHUNKS>::GetSpanPtrEnd(int) [with int CHUNKS = 6]	48	static
dependencies/imgui/imgui_internal.h:627:25:void ImSpan<T>::set(T*, T*) [with T = ImGuiTableColumn]	16	static
dependencies/imgui/imgui_internal.h:627:25:void ImSpan<T>::set(T*, T*) [with T = short int]	16	static
dependencies/imgui/imgui_internal.h:627:25:void ImSpan<T>::set(T*, T*) [with T = ImGuiTableCellData]	16	static
dependencies/imgui/imgui.h:1944:25:void ImVector<T>::reserve(int) [with T = ImDrawChannel]	64	static
dependencies/imgui/imgui.h:1940:25:int ImVector<T>::_grow_capacity(int) const [with T = ImDrawChannel]	32	static
dependencies/imgui/imgui.h:1944:25:void ImVector<T>::reserve(int) [with T = ImGuiTableColumnSortSpecs]	64	static
dependencies/imgui/imgui.h:1940:25:int ImVector<T>::_grow_capacity(int) const [with T = ImGuiTableColumnSortSpecs]	32	static
dependencies/imgui/imgui_internal.h:714:13:T* ImChunkStream<T>::end() [with T = ImGuiTableSettings]	16	static
dependencies/imgui/imgui_internal.h:713:13:int ImChunkStream<T>::chunk_size(const T*) [with T = ImGuiTableSettings]	16	static
dependencies/imgui/imgui.h:1927:25:T& ImVector<T>::operator[](int) [with T = ImGuiStorage::ImGuiStoragePair]	48	static
dependencies/imgui/imgui_internal.h:686:17:void ImPool<T>::Remove(ImGuiID, ImPoolIdx) [with T = ImGuiTable]	64	static
dependencies/imgui/imgui.h:1938:25:void ImVector<T>::swap(ImVector<T>&) [with T = char]	32	static
dependencies/imgui/imgui.h:1944:25:void ImVector<T>::reserve(int) [with T = ImGuiOldColumns]	64	static
dependencies/imgui/imgui.h:1940:25:int ImVector<T>::_grow_capacity(int) const [with T = ImGuiOldColumns]	32	static
dependencies/imgui/imgui.h:1940:25:int ImVector<T>::_grow_capacity(int) const [with T = ImGuiOldColumnData]	32	static
dependencies/imgui/imgui.h:1941:25:void ImVector<T>::resize(int) [with T = ImGuiTable]	48	static
dependencies/imgui/imgui.h:1944:25:void ImVector<T>::reserve(int) [with T = ImGuiTable]	64	static
dependencies/imgui/imgui.h:1940:25:int ImVector<T>::_grow_capacity(int) const [with T = ImGuiTable]	32	static
