dependencies/imgui/backends/../imgui.h:266:15:constexpr ImVec2::ImVec2()	16	static
dependencies/imgui/backends/../imgui.h:267:15:constexpr ImVec2::ImVec2(float, float)	16	static
dependencies/imgui/backends/../imgui.h:1880:14:void* operator new(size_t, ImNewWrapper, void*)	16	static
dependencies/imgui/backends/imgui_impl_glfw.cpp:147:5:ImGui_ImplGlfw_Data::ImGui_ImplGlfw_Data()	32	static
dependencies/imgui/backends/imgui_impl_glfw.cpp:157:29:ImGui_ImplGlfw_Data* ImGui_ImplGlfw_GetBackendData()	16	static
dependencies/imgui/backends/imgui_impl_glfw.cpp:163:20:const char* ImGui_ImplGlfw_GetClipboardText(void*)	32	static
dependencies/imgui/backends/imgui_impl_glfw.cpp:168:13:void ImGui_ImplGlfw_SetClipboardText(void*, const char*)	32	static
dependencies/imgui/backends/imgui_impl_glfw.cpp:173:17:ImGuiKey ImGui_ImplGlfw_KeyToImGuiKey(int)	16	static
dependencies/imgui/backends/imgui_impl_glfw.cpp:300:13:void ImGui_ImplGlfw_UpdateKeyModifiers(GLFWwindow*)	48	static
dependencies/imgui/backends/imgui_impl_glfw.cpp:309:13:bool ImGui_ImplGlfw_ShouldChainCallback(GLFWwindow*)	48	static
dependencies/imgui/backends/imgui_impl_glfw.cpp:315:6:void ImGui_ImplGlfw_MouseButtonCallback(GLFWwindow*, int, int, int)	64	static
dependencies/imgui/backends/imgui_impl_glfw.cpp:328:6:void ImGui_ImplGlfw_ScrollCallback(GLFWwindow*, double, double)	64	static
dependencies/imgui/backends/imgui_impl_glfw.cpp:343:12:int ImGui_ImplGlfw_TranslateUntranslatedKey(int, int)	144	static
dependencies/imgui/backends/imgui_impl_glfw.cpp:376:6:void ImGui_ImplGlfw_KeyCallback(GLFWwindow*, int, int, int, int)	80	static
dependencies/imgui/backends/imgui_impl_glfw.cpp:395:6:void ImGui_ImplGlfw_WindowFocusCallback(GLFWwindow*, int)	48	static
dependencies/imgui/backends/imgui_impl_glfw.cpp:405:6:void ImGui_ImplGlfw_CursorPosCallback(GLFWwindow*, double, double)	80	static
dependencies/imgui/backends/imgui_impl_glfw.cpp:418:6:void ImGui_ImplGlfw_CursorEnterCallback(GLFWwindow*, int)	48	static
dependencies/imgui/backends/imgui_impl_glfw.cpp:438:6:void ImGui_ImplGlfw_CharCallback(GLFWwindow*, unsigned int)	48	static
dependencies/imgui/backends/imgui_impl_glfw.cpp:448:6:void ImGui_ImplGlfw_MonitorCallback(GLFWmonitor*, int)	16	static
dependencies/imgui/backends/imgui_impl_glfw.cpp:500:6:void ImGui_ImplGlfw_InstallCallbacks(GLFWwindow*)	48	static
dependencies/imgui/backends/imgui_impl_glfw.cpp:517:6:void ImGui_ImplGlfw_RestoreCallbacks(GLFWwindow*)	48	static
dependencies/imgui/backends/imgui_impl_glfw.cpp:546:6:void ImGui_ImplGlfw_SetCallbacksChainForAllWindows(bool)	48	static
dependencies/imgui/backends/imgui_impl_glfw.cpp:552:13:bool ImGui_ImplGlfw_Init(GLFWwindow*, bool, GlfwClientApi)	80	static
dependencies/imgui/backends/imgui_impl_glfw.cpp:629:6:bool ImGui_ImplGlfw_InitForOpenGL(GLFWwindow*, bool)	32	static
dependencies/imgui/backends/imgui_impl_glfw.cpp:634:6:bool ImGui_ImplGlfw_InitForVulkan(GLFWwindow*, bool)	32	static
dependencies/imgui/backends/imgui_impl_glfw.cpp:639:6:bool ImGui_ImplGlfw_InitForOther(GLFWwindow*, bool)	32	static
dependencies/imgui/backends/imgui_impl_glfw.cpp:644:6:void ImGui_ImplGlfw_Shutdown()	48	static
dependencies/imgui/backends/imgui_impl_glfw.cpp:672:13:void ImGui_ImplGlfw_UpdateMouseData()	80	static
dependencies/imgui/backends/imgui_impl_glfw.cpp:703:13:void ImGui_ImplGlfw_UpdateMouseCursor()	48	static
dependencies/imgui/backends/imgui_impl_glfw.cpp:730:21:float Saturate(float)	16	static
dependencies/imgui/backends/imgui_impl_glfw.cpp:731:13:void ImGui_ImplGlfw_UpdateGamepads()	112	static
dependencies/imgui/backends/imgui_impl_glfw.cpp:782:6:void ImGui_ImplGlfw_NewFrame()	80	static
dependencies/imgui/backends/../imgui.h:1886:27:void IM_DELETE(T*) [with T = ImGui_ImplGlfw_Data]	32	static
