dependencies/imgui/backends/../imgui.h:267:15:constexpr ImVec2::ImVec2(float, float)	16	static
dependencies/imgui/backends/../imgui.h:1880:14:void* operator new(size_t, ImNewWrapper, void*)	16	static
dependencies/imgui/backends/../imgui.h:2969:33:void ImFontAtlas::SetTexID(ImTextureID)	16	static
dependencies/imgui/backends/imgui_impl_vulkan.h:168:5:ImGui_ImplVulkanH_Window::ImGui_ImplVulkanH_Window()	32	static
dependencies/imgui/backends/imgui_impl_vulkan.cpp:240:5:ImGui_ImplVulkan_Data::ImGui_ImplVulkan_Data()	32	static
dependencies/imgui/backends/imgui_impl_vulkan.cpp:363:31:ImGui_ImplVulkan_Data* ImGui_ImplVulkan_GetBackendData()	16	static
dependencies/imgui/backends/imgui_impl_vulkan.cpp:368:17:uint32_t ImGui_ImplVulkan_MemoryType(VkMemoryPropertyFlags, uint32_t)	592	static
dependencies/imgui/backends/imgui_impl_vulkan.cpp:380:13:void check_vk_result(VkResult)	48	static
dependencies/imgui/backends/imgui_impl_vulkan.cpp:391:28:VkDeviceSize AlignBufferSize(VkDeviceSize, VkDeviceSize)	16	static
dependencies/imgui/backends/imgui_impl_vulkan.cpp:396:13:void CreateOrResizeBuffer(VkBuffer_T*&, VkDeviceMemory_T*&, VkDeviceSize&, size_t, VkBufferUsageFlagBits)	224	static
dependencies/imgui/backends/imgui_impl_vulkan.cpp:430:13:void ImGui_ImplVulkan_SetupRenderState(ImDrawData*, VkPipeline, VkCommandBuffer, ImGui_ImplVulkan_FrameRenderBuffers*, int, int)	128	static
dependencies/imgui/backends/imgui_impl_vulkan.cpp:475:6:void ImGui_ImplVulkan_RenderDrawData(ImDrawData*, VkCommandBuffer, VkPipeline)	320	dynamic,bounded
dependencies/imgui/backends/imgui_impl_vulkan.cpp:616:6:bool ImGui_ImplVulkan_CreateFontsTexture()	448	dynamic,bounded
dependencies/imgui/backends/imgui_impl_vulkan.cpp:812:6:void ImGui_ImplVulkan_DestroyFontsTexture()	48	static
dependencies/imgui/backends/imgui_impl_vulkan.cpp:830:13:void ImGui_ImplVulkan_CreateShaderModules(VkDevice, const VkAllocationCallbacks*)	96	static
dependencies/imgui/backends/imgui_impl_vulkan.cpp:854:13:void ImGui_ImplVulkan_CreatePipeline(VkDevice, const VkAllocationCallbacks*, VkPipelineCache, VkRenderPass, VkSampleCountFlagBits, VkPipeline_T**, uint32_t)	944	static
dependencies/imgui/backends/imgui_impl_vulkan.cpp:971:6:bool ImGui_ImplVulkan_CreateDeviceObjects()	192	dynamic,bounded
dependencies/imgui/backends/imgui_impl_vulkan.cpp:1032:9:void ImGui_ImplVulkan_DestroyDeviceObjects()	32	static
dependencies/imgui/backends/imgui_impl_vulkan.cpp:1049:9:bool ImGui_ImplVulkan_LoadFunctions(void (* (*)(const char*, void*))(), void*)	16	static
dependencies/imgui/backends/imgui_impl_vulkan.cpp:1077:9:bool ImGui_ImplVulkan_Init(ImGui_ImplVulkan_InitInfo*, VkRenderPass)	64	static
dependencies/imgui/backends/imgui_impl_vulkan.cpp:1123:6:void ImGui_ImplVulkan_Shutdown()	32	static
dependencies/imgui/backends/imgui_impl_vulkan.cpp:1136:6:void ImGui_ImplVulkan_NewFrame()	32	static
dependencies/imgui/backends/imgui_impl_vulkan.cpp:1145:6:void ImGui_ImplVulkan_SetMinImageCount(uint32_t)	64	static
dependencies/imgui/backends/imgui_impl_vulkan.cpp:1161:17:VkDescriptorSet_T* ImGui_ImplVulkan_AddTexture(VkSampler, VkImageView, VkImageLayout)	240	static
dependencies/imgui/backends/imgui_impl_vulkan.cpp:1195:6:void ImGui_ImplVulkan_RemoveTexture(VkDescriptorSet)	48	static
dependencies/imgui/backends/imgui_impl_vulkan.cpp:1202:6:void ImGui_ImplVulkan_DestroyFrameRenderBuffers(VkDevice, ImGui_ImplVulkan_FrameRenderBuffers*, const VkAllocationCallbacks*)	48	static
dependencies/imgui/backends/imgui_impl_vulkan.cpp:1212:6:void ImGui_ImplVulkan_DestroyWindowRenderBuffers(VkDevice, ImGui_ImplVulkan_WindowRenderBuffers*, const VkAllocationCallbacks*)	64	static
dependencies/imgui/backends/imgui_impl_vulkan.cpp:1238:20:VkSurfaceFormatKHR ImGui_ImplVulkanH_SelectSurfaceFormat(VkPhysicalDevice, VkSurfaceKHR, const VkFormat*, int, VkColorSpaceKHR)	128	static
dependencies/imgui/backends/imgui_impl_vulkan.cpp:1283:18:VkPresentModeKHR ImGui_ImplVulkanH_SelectPresentMode(VkPhysicalDevice, VkSurfaceKHR, const VkPresentModeKHR*, int)	112	static
dependencies/imgui/backends/imgui_impl_vulkan.cpp:1306:6:void ImGui_ImplVulkanH_CreateWindowCommandBuffers(VkPhysicalDevice, VkDevice, ImGui_ImplVulkanH_Window*, uint32_t, const VkAllocationCallbacks*)	144	static
dependencies/imgui/backends/imgui_impl_vulkan.cpp:1356:5:int ImGui_ImplVulkanH_GetMinImageCountFromPresentMode(VkPresentModeKHR)	32	static
dependencies/imgui/backends/imgui_impl_vulkan.cpp:1369:6:void ImGui_ImplVulkanH_CreateWindowSwapChain(VkPhysicalDevice, VkDevice, ImGui_ImplVulkanH_Window*, const VkAllocationCallbacks*, int, int, uint32_t)	528	static
dependencies/imgui/backends/imgui_impl_vulkan.cpp:1539:6:void ImGui_ImplVulkanH_CreateOrResizeWindow(VkInstance, VkPhysicalDevice, VkDevice, ImGui_ImplVulkanH_Window*, uint32_t, const VkAllocationCallbacks*, int, int, uint32_t)	80	dynamic,bounded
dependencies/imgui/backends/imgui_impl_vulkan.cpp:1547:6:void ImGui_ImplVulkanH_DestroyWindow(VkInstance, VkDevice, ImGui_ImplVulkanH_Window*, const VkAllocationCallbacks*)	208	static
dependencies/imgui/backends/imgui_impl_vulkan.cpp:1568:6:void ImGui_ImplVulkanH_DestroyFrame(VkDevice, ImGui_ImplVulkanH_Frame*, const VkAllocationCallbacks*)	48	static
dependencies/imgui/backends/imgui_impl_vulkan.cpp:1581:6:void ImGui_ImplVulkanH_DestroyFrameSemaphores(VkDevice, ImGui_ImplVulkanH_FrameSemaphores*, const VkAllocationCallbacks*)	48	static
dependencies/imgui/backends/../imgui.h:1927:25:T& ImVector<T>::operator[](int) [with T = ImDrawList*]	32	static
dependencies/imgui/backends/../imgui.h:1928:25:const T& ImVector<T>::operator[](int) const [with T = ImDrawCmd]	32	static
dependencies/imgui/backends/../imgui.h:1886:27:void IM_DELETE(T*) [with T = ImGui_ImplVulkan_Data]	32	static
dependencies/imgui/backends/../imgui.h:1913:12:ImVector<T>::ImVector() [with T = VkSurfaceFormatKHR]	16	static
dependencies/imgui/backends/../imgui.h:1916:12:ImVector<T>::~ImVector() [with T = VkSurfaceFormatKHR]	32	static
dependencies/imgui/backends/../imgui.h:1941:25:void ImVector<T>::resize(int) [with T = VkSurfaceFormatKHR]	32	static
dependencies/imgui/backends/../imgui.h:1927:25:T& ImVector<T>::operator[](int) [with T = VkSurfaceFormatKHR]	32	static
dependencies/imgui/backends/../imgui.h:1913:12:ImVector<T>::ImVector() [with T = VkPresentModeKHR]	16	static
dependencies/imgui/backends/../imgui.h:1916:12:ImVector<T>::~ImVector() [with T = VkPresentModeKHR]	32	static
dependencies/imgui/backends/../imgui.h:1941:25:void ImVector<T>::resize(int) [with T = VkPresentModeKHR]	32	static
dependencies/imgui/backends/../imgui.h:1927:25:T& ImVector<T>::operator[](int) [with T = VkPresentModeKHR]	32	static
dependencies/imgui/backends/../imgui.h:1944:25:void ImVector<T>::reserve(int) [with T = VkSurfaceFormatKHR]	48	static
dependencies/imgui/backends/../imgui.h:1940:25:int ImVector<T>::_grow_capacity(int) const [with T = VkSurfaceFormatKHR]	16	static
dependencies/imgui/backends/../imgui.h:1944:25:void ImVector<T>::reserve(int) [with T = VkPresentModeKHR]	48	static
dependencies/imgui/backends/../imgui.h:1940:25:int ImVector<T>::_grow_capacity(int) const [with T = VkPresentModeKHR]	16	static
